Archive member included to satisfy reference by file (symbol)

/usr/lib/gcc/arm-none-eabi/5.4.1/../../../arm-none-eabi/lib/armv7-m/libc_nano.a(lib_a-atexit.o)
                              /usr/lib/gcc/arm-none-eabi/5.4.1/../../../arm-none-eabi/lib/armv7-m/crt0.o (atexit)
/usr/lib/gcc/arm-none-eabi/5.4.1/../../../arm-none-eabi/lib/armv7-m/libc_nano.a(lib_a-exit.o)
                              /usr/lib/gcc/arm-none-eabi/5.4.1/../../../arm-none-eabi/lib/armv7-m/crt0.o (exit)
/usr/lib/gcc/arm-none-eabi/5.4.1/../../../arm-none-eabi/lib/armv7-m/libc_nano.a(lib_a-fini.o)
                              /usr/lib/gcc/arm-none-eabi/5.4.1/../../../arm-none-eabi/lib/armv7-m/crt0.o (__libc_fini_array)
/usr/lib/gcc/arm-none-eabi/5.4.1/../../../arm-none-eabi/lib/armv7-m/libc_nano.a(lib_a-impure.o)
                              /usr/lib/gcc/arm-none-eabi/5.4.1/../../../arm-none-eabi/lib/armv7-m/libc_nano.a(lib_a-exit.o) (_global_impure_ptr)
/usr/lib/gcc/arm-none-eabi/5.4.1/../../../arm-none-eabi/lib/armv7-m/libc_nano.a(lib_a-init.o)
                              /usr/lib/gcc/arm-none-eabi/5.4.1/../../../arm-none-eabi/lib/armv7-m/crt0.o (__libc_init_array)
/usr/lib/gcc/arm-none-eabi/5.4.1/../../../arm-none-eabi/lib/armv7-m/libc_nano.a(lib_a-memcpy.o)
                              build/queue.o (memcpy)
/usr/lib/gcc/arm-none-eabi/5.4.1/../../../arm-none-eabi/lib/armv7-m/libc_nano.a(lib_a-memset.o)
                              /usr/lib/gcc/arm-none-eabi/5.4.1/../../../arm-none-eabi/lib/armv7-m/crt0.o (memset)
/usr/lib/gcc/arm-none-eabi/5.4.1/../../../arm-none-eabi/lib/armv7-m/libc_nano.a(lib_a-__atexit.o)
                              /usr/lib/gcc/arm-none-eabi/5.4.1/../../../arm-none-eabi/lib/armv7-m/libc_nano.a(lib_a-atexit.o) (__register_exitproc)
/usr/lib/gcc/arm-none-eabi/5.4.1/../../../arm-none-eabi/lib/armv7-m/libc_nano.a(lib_a-__call_atexit.o)
                              /usr/lib/gcc/arm-none-eabi/5.4.1/../../../arm-none-eabi/lib/armv7-m/libc_nano.a(lib_a-__atexit.o) (__call_exitprocs)
/usr/lib/gcc/arm-none-eabi/5.4.1/../../../arm-none-eabi/lib/armv7-m/libnosys.a(_exit.o)
                              /usr/lib/gcc/arm-none-eabi/5.4.1/../../../arm-none-eabi/lib/armv7-m/libc_nano.a(lib_a-exit.o) (_exit)

Allocating common symbols
Common symbol       size              file

htim4               0x40              build/stm32f1xx_hal_timebase_TIM.o
MailProducerHandle  0x4               build/main.o
uwTick              0x4               build/stm32f1xx_hal.o
xQueueRegistry      0x40              build/queue.o
pFlash              0x20              build/stm32f1xx_hal_flash.o
MailConsumerHandle  0x4               build/main.o
mailQ01Handle       0x4               build/main.o

Discarded input sections

 .text          0x00000000        0x0 /usr/lib/gcc/arm-none-eabi/5.4.1/armv7-m/crti.o
 .data          0x00000000        0x0 /usr/lib/gcc/arm-none-eabi/5.4.1/armv7-m/crti.o
 .bss           0x00000000        0x0 /usr/lib/gcc/arm-none-eabi/5.4.1/armv7-m/crti.o
 .data          0x00000000        0x4 /usr/lib/gcc/arm-none-eabi/5.4.1/armv7-m/crtbegin.o
 .text          0x00000000       0x68 /usr/lib/gcc/arm-none-eabi/5.4.1/../../../arm-none-eabi/lib/armv7-m/crt0.o
 .data          0x00000000        0x0 /usr/lib/gcc/arm-none-eabi/5.4.1/../../../arm-none-eabi/lib/armv7-m/crt0.o
 .bss           0x00000000        0x0 /usr/lib/gcc/arm-none-eabi/5.4.1/../../../arm-none-eabi/lib/armv7-m/crt0.o
 .ARM.extab     0x00000000        0x0 /usr/lib/gcc/arm-none-eabi/5.4.1/../../../arm-none-eabi/lib/armv7-m/crt0.o
 .ARM.exidx     0x00000000        0x8 /usr/lib/gcc/arm-none-eabi/5.4.1/../../../arm-none-eabi/lib/armv7-m/crt0.o
 .debug_line    0x00000000       0x7b /usr/lib/gcc/arm-none-eabi/5.4.1/../../../arm-none-eabi/lib/armv7-m/crt0.o
 .debug_info    0x00000000       0x9d /usr/lib/gcc/arm-none-eabi/5.4.1/../../../arm-none-eabi/lib/armv7-m/crt0.o
 .debug_abbrev  0x00000000       0x14 /usr/lib/gcc/arm-none-eabi/5.4.1/../../../arm-none-eabi/lib/armv7-m/crt0.o
 .debug_aranges
                0x00000000       0x20 /usr/lib/gcc/arm-none-eabi/5.4.1/../../../arm-none-eabi/lib/armv7-m/crt0.o
 .ARM.attributes
                0x00000000       0x1b /usr/lib/gcc/arm-none-eabi/5.4.1/../../../arm-none-eabi/lib/armv7-m/crt0.o
 .text          0x00000000        0x0 build/main.o
 .data          0x00000000        0x0 build/main.o
 .bss           0x00000000        0x0 build/main.o
 .text.ITM_Print
                0x00000000       0x48 build/main.o
 .text.ITM_SendValue
                0x00000000       0x34 build/main.o
 .text.bubble_sort
                0x00000000       0x40 build/main.o
 .text          0x00000000        0x0 build/freertos.o
 .data          0x00000000        0x0 build/freertos.o
 .bss           0x00000000        0x0 build/freertos.o
 .debug_info    0x00000000       0x79 build/freertos.o
 .debug_abbrev  0x00000000       0x26 build/freertos.o
 .debug_aranges
                0x00000000       0x18 build/freertos.o
[...]
Memory Configuration

Name             Origin             Length             Attributes
RAM              0x20000000         0x0000c000         xrw
FLASH            0x08000000         0x00040000         xr
*default*        0x00000000         0xffffffff

Linker script and memory map

LOAD /usr/lib/gcc/arm-none-eabi/5.4.1/armv7-m/crti.o
LOAD /usr/lib/gcc/arm-none-eabi/5.4.1/armv7-m/crtbegin.o
LOAD /usr/lib/gcc/arm-none-eabi/5.4.1/../../../arm-none-eabi/lib/armv7-m/crt0.o
LOAD build/main.o
LOAD build/freertos.o
LOAD build/stm32f1xx_it.o
LOAD build/stm32f1xx_hal_msp.o
LOAD build/stm32f1xx_hal_timebase_TIM.o
LOAD build/stm32f1xx_hal_gpio_ex.o
LOAD build/stm32f1xx_hal_tim.o
LOAD build/stm32f1xx_hal_tim_ex.o
LOAD build/stm32f1xx_hal.o
LOAD build/stm32f1xx_hal_rcc.o
LOAD build/stm32f1xx_hal_rcc_ex.o
LOAD build/stm32f1xx_hal_gpio.o
LOAD build/stm32f1xx_hal_dma.o
LOAD build/stm32f1xx_hal_cortex.o
LOAD build/stm32f1xx_hal_pwr.o
LOAD build/stm32f1xx_hal_flash.o
LOAD build/stm32f1xx_hal_flash_ex.o
LOAD build/system_stm32f1xx.o
LOAD build/heap_4.o
LOAD build/port.o
LOAD build/list.o
LOAD build/croutine.o
LOAD build/timers.o
LOAD build/event_groups.o
LOAD build/tasks.o
LOAD build/queue.o
LOAD build/cmsis_os.o
LOAD build/startup_stm32f103xe.o
LOAD /usr/lib/gcc/arm-none-eabi/5.4.1/../../../arm-none-eabi/lib/armv7-m/libc_nano.a
LOAD /usr/lib/gcc/arm-none-eabi/5.4.1/../../../arm-none-eabi/lib/armv7-m/libm.a
LOAD /usr/lib/gcc/arm-none-eabi/5.4.1/../../../arm-none-eabi/lib/armv7-m/libnosys.a
START GROUP
LOAD /usr/lib/gcc/arm-none-eabi/5.4.1/armv7-m/libgcc.a
LOAD /usr/lib/gcc/arm-none-eabi/5.4.1/../../../arm-none-eabi/lib/armv7-m/libc_nano.a
END GROUP
START GROUP
LOAD /usr/lib/gcc/arm-none-eabi/5.4.1/armv7-m/libgcc.a
LOAD /usr/lib/gcc/arm-none-eabi/5.4.1/../../../arm-none-eabi/lib/armv7-m/libc_nano.a
END GROUP
LOAD /usr/lib/gcc/arm-none-eabi/5.4.1/armv7-m/crtend.o
LOAD /usr/lib/gcc/arm-none-eabi/5.4.1/armv7-m/crtn.o
                0x2000c000                _estack = 0x2000c000
                0x00000200                _Min_Heap_Size = 0x200
                0x00000400                _Min_Stack_Size = 0x400

.isr_vector     0x08000000      0x1e4
                0x08000000                . = ALIGN (0x4)
 *(.isr_vector)
 .isr_vector    0x08000000      0x1e4 build/startup_stm32f103xe.o
                0x08000000                g_pfnVectors
                0x080001e4                . = ALIGN (0x4)

.text           0x080001f0     0x2c64
                0x080001f0                . = ALIGN (0x4)
 *(.text)
 .text          0x080001f0       0xa4 /usr/lib/gcc/arm-none-eabi/5.4.1/armv7-m/crtbegin.o
 .text          0x08000294       0x50 /usr/lib/gcc/arm-none-eabi/5.4.1/../../../arm-none-eabi/lib/armv7-m/libc_nano.a(lib_a-init.o)
                0x08000294                __libc_init_array
 .text          0x080002e4       0xec /usr/lib/gcc/arm-none-eabi/5.4.1/../../../arm-none-eabi/lib/armv7-m/libc_nano.a(lib_a-memcpy.o)
                0x080002e4                memcpy
 *(.text*)
 .text.MX_GPIO_Init
                0x080003d0       0x98 build/main.o
 .text.MailProducerTask
                0x08000468       0x64 build/main.o
                0x08000468                MailProducerTask
 .text.MailConsumerTask
                0x080004cc       0x78 build/main.o
                0x080004cc                MailConsumerTask
 .text.configure_tracing
                0x08000544       0xbc build/main.o
                0x08000544                configure_tracing
 .text.configure_watchpoint
                0x08000600       0x28 build/main.o
                0x08000600                configure_watchpoint
 .text.HAL_TIM_PeriodElapsedCallback
                0x08000628       0x6c build/main.o
                0x08000628                HAL_TIM_PeriodElapsedCallback
 .text._Error_Handler
                0x08000694        0x4 build/main.o
                0x08000694                _Error_Handler
 .text.SystemClock_Config
                0x08000698       0x84 build/main.o
                0x08000698                SystemClock_Config
 .text.main     0x0800071c       0x78 build/main.o
                0x0800071c                main
 .text.NMI_Handler
                0x08000794        0x4 build/stm32f1xx_it.o
                0x08000794                NMI_Handler
 .text.HardFault_Handler
                0x08000798        0x4 build/stm32f1xx_it.o
                0x08000798                HardFault_Handler
 .text.MemManage_Handler
                0x0800079c        0x4 build/stm32f1xx_it.o
                0x0800079c                MemManage_Handler
 .text.BusFault_Handler
                0x080007a0        0x4 build/stm32f1xx_it.o
                0x080007a0                BusFault_Handler
 .text.UsageFault_Handler
                0x080007a4        0x4 build/stm32f1xx_it.o
                0x080007a4                UsageFault_Handler
 .text.DebugMon_Handler
                0x080007a8        0x4 build/stm32f1xx_it.o
                0x080007a8                DebugMon_Handler
 .text.SysTick_Handler
                0x080007ac        0x8 build/stm32f1xx_it.o
                0x080007ac                SysTick_Handler
 .text.TIM4_IRQHandler
                0x080007b4       0x10 build/stm32f1xx_it.o
                0x080007b4                TIM4_IRQHandler
 .text.HAL_MspInit
                0x080007c4       0xa0 build/stm32f1xx_hal_msp.o
                0x080007c4                HAL_MspInit
 .text.HAL_InitTick
                0x08000864       0x7c build/stm32f1xx_hal_timebase_TIM.o
                0x08000864                HAL_InitTick
 .text.HAL_TIM_Base_MspInit
                0x080008e0        0x4 build/stm32f1xx_hal_tim.o
                0x080008e0                HAL_TIM_Base_MspInit
 .text.HAL_TIM_Base_Start_IT
                0x080008e4       0x18 build/stm32f1xx_hal_tim.o
                0x080008e4                HAL_TIM_Base_Start_IT
 .text.HAL_TIM_OC_DelayElapsedCallback
                0x080008fc        0x4 build/stm32f1xx_hal_tim.o
                0x080008fc                HAL_TIM_OC_DelayElapsedCallback
 .text.HAL_TIM_IC_CaptureCallback
                0x08000900        0x4 build/stm32f1xx_hal_tim.o
                0x08000900                HAL_TIM_IC_CaptureCallback
 .text.HAL_TIM_PWM_PulseFinishedCallback
                0x08000904        0x4 build/stm32f1xx_hal_tim.o
                0x08000904                HAL_TIM_PWM_PulseFinishedCallback
 .text.HAL_TIM_TriggerCallback
                0x08000908        0x4 build/stm32f1xx_hal_tim.o
                0x08000908                HAL_TIM_TriggerCallback
 .text.HAL_TIM_IRQHandler
                0x0800090c      0x174 build/stm32f1xx_hal_tim.o
                0x0800090c                HAL_TIM_IRQHandler
 .text.TIM_Base_SetConfig
                0x08000a80       0x98 build/stm32f1xx_hal_tim.o
                0x08000a80                TIM_Base_SetConfig
 .text.HAL_TIM_Base_Init
                0x08000b18       0x38 build/stm32f1xx_hal_tim.o
                0x08000b18                HAL_TIM_Base_Init
 .text.HAL_TIMEx_CommutationCallback
                0x08000b50        0x4 build/stm32f1xx_hal_tim_ex.o
                0x08000b50                HAL_TIMEx_CommutationCallback
 .text.HAL_TIMEx_BreakCallback
                0x08000b54        0x4 build/stm32f1xx_hal_tim_ex.o
                0x08000b54                HAL_TIMEx_BreakCallback
 .text.HAL_Init
                0x08000b58       0x24 build/stm32f1xx_hal.o
                0x08000b58                HAL_Init
 .text.HAL_IncTick
                0x08000b7c       0x18 build/stm32f1xx_hal.o
                0x08000b7c                HAL_IncTick
 .text.HAL_GetTick
                0x08000b94        0xc build/stm32f1xx_hal.o
                0x08000b94                HAL_GetTick
 .text.RCC_Delay
                0x08000ba0       0x2c build/stm32f1xx_hal_rcc.o
 .text.HAL_RCC_OscConfig
                0x08000bcc      0x400 build/stm32f1xx_hal_rcc.o
                0x08000bcc                HAL_RCC_OscConfig
 .text.HAL_RCC_GetSysClockFreq
                0x08000fcc       0x70 build/stm32f1xx_hal_rcc.o
                0x08000fcc                HAL_RCC_GetSysClockFreq
 .text.HAL_RCC_ClockConfig
                0x0800103c      0x184 build/stm32f1xx_hal_rcc.o
                0x0800103c                HAL_RCC_ClockConfig
 .text.HAL_RCC_GetHCLKFreq
                0x080011c0        0xc build/stm32f1xx_hal_rcc.o
                0x080011c0                HAL_RCC_GetHCLKFreq
 .text.HAL_RCC_GetPCLK1Freq
                0x080011cc       0x20 build/stm32f1xx_hal_rcc.o
                0x080011cc                HAL_RCC_GetPCLK1Freq
 .text.HAL_RCC_GetClockConfig
                0x080011ec       0x3c build/stm32f1xx_hal_rcc.o
                0x080011ec                HAL_RCC_GetClockConfig
 .text.HAL_GPIO_Init
                0x08001228      0x1ec build/stm32f1xx_hal_gpio.o
                0x08001228                HAL_GPIO_Init
 .text.HAL_GPIO_WritePin
                0x08001414        0xc build/stm32f1xx_hal_gpio.o
                0x08001414                HAL_GPIO_WritePin
 .text.HAL_NVIC_SetPriorityGrouping
                0x08001420       0x24 build/stm32f1xx_hal_cortex.o
                0x08001420                HAL_NVIC_SetPriorityGrouping
 .text.HAL_NVIC_SetPriority
                0x08001444       0x64 build/stm32f1xx_hal_cortex.o
                0x08001444                HAL_NVIC_SetPriority
 .text.HAL_NVIC_EnableIRQ
                0x080014a8       0x18 build/stm32f1xx_hal_cortex.o
                0x080014a8                HAL_NVIC_EnableIRQ
 .text.HAL_SYSTICK_Config
                0x080014c0       0x2c build/stm32f1xx_hal_cortex.o
                0x080014c0                HAL_SYSTICK_Config
 .text.HAL_SYSTICK_CLKSourceConfig
                0x080014ec       0x20 build/stm32f1xx_hal_cortex.o
                0x080014ec                HAL_SYSTICK_CLKSourceConfig
 .text.SystemInit
                0x0800150c       0x4c build/system_stm32f1xx.o
                0x0800150c                SystemInit
 .text.prvHeapInit
                0x08001558       0x64 build/heap_4.o
 .text.prvInsertBlockIntoFreeList
                0x080015bc       0x54 build/heap_4.o
 .text.pvPortMalloc
                0x08001610      0x104 build/heap_4.o
                0x08001610                pvPortMalloc
 .text.vPortFree
                0x08001714       0x78 build/heap_4.o
                0x08001714                vPortFree
 .text.prvTaskExitError
                0x0800178c       0x34 build/port.o
 .text.prvPortStartFirstTask
                0x080017c0       0x20 build/port.o
 .text.pxPortInitialiseStack
                0x080017e0       0x24 build/port.o
                0x080017e0                pxPortInitialiseStack
 *fill*         0x08001804        0xc 
 .text.SVC_Handler
                0x08001810       0x24 build/port.o
                0x08001810                SVC_Handler
 .text.vPortEnterCritical
                0x08001834       0x44 build/port.o
                0x08001834                vPortEnterCritical
 .text.vPortExitCritical
                0x08001878       0x2c build/port.o
                0x08001878                vPortExitCritical
 *fill*         0x080018a4        0xc 
 .text.PendSV_Handler
                0x080018b0       0x44 build/port.o
                0x080018b0                PendSV_Handler
 .text.xPortSysTickHandler
                0x080018f4       0x2c build/port.o
                0x080018f4                xPortSysTickHandler
 .text.vPortSetupTimerInterrupt
                0x08001920       0x2c build/port.o
                0x08001920                vPortSetupTimerInterrupt
 .text.xPortStartScheduler
                0x0800194c       0x98 build/port.o
                0x0800194c                xPortStartScheduler
 .text.vPortValidateInterruptPriority
                0x080019e4       0x5c build/port.o
                0x080019e4                vPortValidateInterruptPriority
 .text.vListInitialise
                0x08001a40       0x18 build/list.o
                0x08001a40                vListInitialise
 .text.vListInitialiseItem
                0x08001a58        0x8 build/list.o
                0x08001a58                vListInitialiseItem
 .text.vListInsertEnd
                0x08001a60       0x18 build/list.o
                0x08001a60                vListInsertEnd
 .text.vListInsert
                0x08001a78       0x34 build/list.o
                0x08001a78                vListInsert
 .text.uxListRemove
                0x08001aac       0x24 build/list.o
                0x08001aac                uxListRemove
 .text.prvResetNextTaskUnblockTime
                0x08001ad0       0x34 build/tasks.o
 .text.prvDeleteTCB
                0x08001b04       0x14 build/tasks.o
 .text.prvInitialiseNewTask
                0x08001b18       0x80 build/tasks.o
 .text.prvInitialiseTaskLists
                0x08001b98       0x68 build/tasks.o
 .text.prvAddNewTaskToReadyList
                0x08001c00       0xa8 build/tasks.o
 .text.prvAddCurrentTaskToDelayedList
                0x08001ca8       0x98 build/tasks.o
 .text.xTaskCreate
                0x08001d40       0x64 build/tasks.o
                0x08001d40                xTaskCreate
 .text.vTaskStartScheduler
                0x08001da4       0x7c build/tasks.o
                0x08001da4                vTaskStartScheduler
 .text.vTaskSuspendAll
                0x08001e20       0x10 build/tasks.o
                0x08001e20                vTaskSuspendAll
 .text.xTaskIncrementTick
                0x08001e30      0x124 build/tasks.o
                0x08001e30                xTaskIncrementTick
 .text.xTaskResumeAll
                0x08001f54       0xf8 build/tasks.o
                0x08001f54                xTaskResumeAll
 .text.vTaskDelay
                0x0800204c       0x50 build/tasks.o
                0x0800204c                vTaskDelay
 .text.prvCheckTasksWaitingTermination
                0x0800209c       0x54 build/tasks.o
 .text.prvIdleTask
                0x080020f0       0x28 build/tasks.o
 .text.vTaskSwitchContext
                0x08002118       0x94 build/tasks.o
                0x08002118                vTaskSwitchContext
 .text.vTaskPlaceOnEventList
                0x080021ac       0x30 build/tasks.o
                0x080021ac                vTaskPlaceOnEventList
 .text.xTaskRemoveFromEventList
                0x080021dc       0x8c build/tasks.o
                0x080021dc                xTaskRemoveFromEventList
 .text.vTaskSetTimeOutState
                0x08002268       0x2c build/tasks.o
                0x08002268                vTaskSetTimeOutState
 .text.xTaskCheckForTimeOut
                0x08002294       0x80 build/tasks.o
                0x08002294                xTaskCheckForTimeOut
 .text.vTaskMissedYield
                0x08002314        0xc build/tasks.o
                0x08002314                vTaskMissedYield
 .text.xTaskGetSchedulerState
                0x08002320       0x20 build/tasks.o
                0x08002320                xTaskGetSchedulerState
 .text.vTaskPriorityInherit
                0x08002340       0xa8 build/tasks.o
                0x08002340                vTaskPriorityInherit
 .text.xTaskPriorityDisinherit
                0x080023e8       0xb4 build/tasks.o
                0x080023e8                xTaskPriorityDisinherit
 .text.pvTaskIncrementMutexHeldCount
                0x0800249c       0x1c build/tasks.o
                0x0800249c                pvTaskIncrementMutexHeldCount
 .text.prvIsQueueFull
                0x080024b8       0x20 build/queue.o
 .text.prvIsQueueEmpty
                0x080024d8       0x1c build/queue.o
 .text.prvCopyDataToQueue
                0x080024f4       0x78 build/queue.o
 .text.prvCopyDataFromQueue
                0x0800256c       0x24 build/queue.o
 .text.prvUnlockQueue
                0x08002590       0x68 build/queue.o
 .text.xQueueGenericReset
                0x080025f8       0x80 build/queue.o
                0x080025f8                xQueueGenericReset
 .text.prvInitialiseNewQueue
                0x08002678       0x1c build/queue.o
 .text.xQueueGenericCreate
                0x08002694       0x4c build/queue.o
                0x08002694                xQueueGenericCreate
 .text.xQueueGenericSend
                0x080026e0      0x190 build/queue.o
                0x080026e0                xQueueGenericSend
 .text.xQueueGenericSendFromISR
                0x08002870       0xe4 build/queue.o
                0x08002870                xQueueGenericSendFromISR
 .text.xQueueGenericReceive
                0x08002954      0x1a0 build/queue.o
                0x08002954                xQueueGenericReceive
 .text.xQueueReceiveFromISR
                0x08002af4       0xb8 build/queue.o
                0x08002af4                xQueueReceiveFromISR
 .text.makeFreeRtosPriority
                0x08002bac        0xc build/cmsis_os.o
 .text.inHandlerMode
                0x08002bb8        0xc build/cmsis_os.o
 .text.osKernelStart
                0x08002bc4        0xc build/cmsis_os.o
                0x08002bc4                osKernelStart
 .text.osThreadCreate
                0x08002bd0       0x34 build/cmsis_os.o
                0x08002bd0                osThreadCreate
 .text.osDelay  0x08002c04       0x10 build/cmsis_os.o
                0x08002c04                osDelay
 .text.osPoolCreate
                0x08002c14       0x6c build/cmsis_os.o
                0x08002c14                osPoolCreate
 .text.osMailCreate
                0x08002c80       0x60 build/cmsis_os.o
                0x08002c80                osMailCreate
 .text.osMailPut
                0x08002ce0       0x68 build/cmsis_os.o
                0x08002ce0                osMailPut
 .text.osMailGet
                0x08002d48       0x98 build/cmsis_os.o
                0x08002d48                osMailGet
 .text.osSystickHandler
                0x08002de0       0x10 build/cmsis_os.o
                0x08002de0                osSystickHandler
 .text.Reset_Handler
                0x08002df0       0x48 build/startup_stm32f103xe.o
                0x08002df0                Reset_Handler
 .text.Default_Handler
                0x08002e38        0x2 build/startup_stm32f103xe.o
                0x08002e38                RTC_Alarm_IRQHandler
                0x08002e38                EXTI2_IRQHandler
                0x08002e38                TIM8_TRG_COM_IRQHandler
                0x08002e38                TIM8_CC_IRQHandler
                0x08002e38                TIM1_CC_IRQHandler
                0x08002e38                TIM6_IRQHandler
                0x08002e38                PVD_IRQHandler
                0x08002e38                SDIO_IRQHandler
                0x08002e38                EXTI3_IRQHandler
                0x08002e38                EXTI0_IRQHandler
                0x08002e38                I2C2_EV_IRQHandler
                0x08002e38                ADC1_2_IRQHandler
                0x08002e38                SPI1_IRQHandler
                0x08002e38                TAMPER_IRQHandler
                0x08002e38                TIM8_UP_IRQHandler
                0x08002e38                DMA2_Channel2_IRQHandler
                0x08002e38                DMA1_Channel4_IRQHandler
                0x08002e38                USART3_IRQHandler
                0x08002e38                RTC_IRQHandler
                0x08002e38                DMA1_Channel7_IRQHandler
                0x08002e38                CAN1_RX1_IRQHandler
                0x08002e38                UART5_IRQHandler
                0x08002e38                ADC3_IRQHandler
                0x08002e38                DMA2_Channel1_IRQHandler
                0x08002e38                I2C1_EV_IRQHandler
                0x08002e38                DMA1_Channel6_IRQHandler
                0x08002e38                UART4_IRQHandler
                0x08002e38                TIM3_IRQHandler
                0x08002e38                RCC_IRQHandler
                0x08002e38                TIM1_TRG_COM_IRQHandler
                0x08002e38                DMA1_Channel1_IRQHandler
                0x08002e38                Default_Handler
                0x08002e38                EXTI15_10_IRQHandler
                0x08002e38                TIM7_IRQHandler
                0x08002e38                TIM5_IRQHandler
                0x08002e38                EXTI9_5_IRQHandler
                0x08002e38                SPI2_IRQHandler
                0x08002e38                DMA1_Channel5_IRQHandler
                0x08002e38                EXTI4_IRQHandler
                0x08002e38                USB_LP_CAN1_RX0_IRQHandler
                0x08002e38                USB_HP_CAN1_TX_IRQHandler
                0x08002e38                DMA1_Channel3_IRQHandler
                0x08002e38                FSMC_IRQHandler
                0x08002e38                TIM1_UP_IRQHandler
                0x08002e38                WWDG_IRQHandler
                0x08002e38                TIM2_IRQHandler
                0x08002e38                TIM1_BRK_IRQHandler
                0x08002e38                EXTI1_IRQHandler
                0x08002e38                DMA2_Channel4_5_IRQHandler
                0x08002e38                USART2_IRQHandler
                0x08002e38                I2C2_ER_IRQHandler
                0x08002e38                DMA1_Channel2_IRQHandler
                0x08002e38                TIM8_BRK_IRQHandler
                0x08002e38                CAN1_SCE_IRQHandler
                0x08002e38                FLASH_IRQHandler
                0x08002e38                USART1_IRQHandler
                0x08002e38                SPI3_IRQHandler
                0x08002e38                I2C1_ER_IRQHandler
                0x08002e38                USBWakeUp_IRQHandler
                0x08002e38                DMA2_Channel3_IRQHandler
 *(.glue_7)
 .glue_7        0x08002e3a        0x0 linker stubs
 *(.glue_7t)
 .glue_7t       0x08002e3a        0x0 linker stubs
 *(.eh_frame)
 *fill*         0x08002e3a        0x2 
 .eh_frame      0x08002e3c        0x0 /usr/lib/gcc/arm-none-eabi/5.4.1/armv7-m/crtbegin.o
 *(.init)
 .init          0x08002e3c        0x4 /usr/lib/gcc/arm-none-eabi/5.4.1/armv7-m/crti.o
                0x08002e3c                _init
 .init          0x08002e40        0x8 /usr/lib/gcc/arm-none-eabi/5.4.1/armv7-m/crtn.o
 *(.fini)
 .fini          0x08002e48        0x4 /usr/lib/gcc/arm-none-eabi/5.4.1/armv7-m/crti.o
                0x08002e48                _fini
 .fini          0x08002e4c        0x8 /usr/lib/gcc/arm-none-eabi/5.4.1/armv7-m/crtn.o
                0x08002e54                . = ALIGN (0x4)
                0x08002e54                _etext = .

.vfp11_veneer   0x08002e54        0x0
 .vfp11_veneer  0x08002e54        0x0 linker stubs

.v4_bx          0x08002e54        0x0
 .v4_bx         0x08002e54        0x0 linker stubs

.iplt           0x08002e54        0x0
 .iplt          0x08002e54        0x0 /usr/lib/gcc/arm-none-eabi/5.4.1/armv7-m/crtbegin.o

.rodata         0x08002e54       0x88
                0x08002e54                . = ALIGN (0x4)
 *(.rodata)
 .rodata        0x08002e54       0x28 build/main.o
 .rodata        0x08002e7c       0x12 build/stm32f1xx_hal_rcc.o
 *(.rodata*)
 *fill*         0x08002e8e        0x2 
 .rodata.str1.4
                0x08002e90       0x29 build/main.o
 *fill*         0x08002eb9        0x3 
 .rodata.AHBPrescTable
                0x08002ebc       0x10 build/system_stm32f1xx.o
                0x08002ebc                AHBPrescTable
 .rodata.APBPrescTable
                0x08002ecc        0x8 build/system_stm32f1xx.o
                0x08002ecc                APBPrescTable
 .rodata.str1.4
                0x08002ed4        0x8 build/tasks.o
                                  0x5 (size before relaxing)
                0x08002edc                . = ALIGN (0x4)

.rel.dyn        0x08002edc        0x0
 .rel.iplt      0x08002edc        0x0 /usr/lib/gcc/arm-none-eabi/5.4.1/armv7-m/crtbegin.o

.ARM.extab
 *(.ARM.extab* .gnu.linkonce.armextab.*)

.ARM            0x08002edc        0x0
                0x08002edc                __exidx_start = .
 *(.ARM.exidx*)
                0x08002edc                __exidx_end = .

.preinit_array  0x08002edc        0x0
                0x08002edc                PROVIDE (__preinit_array_start, .)
 *(.preinit_array*)
                0x08002edc                PROVIDE (__preinit_array_end, .)

.init_array     0x08002edc        0x4
                0x08002edc                PROVIDE (__init_array_start, .)
 *(SORT(.init_array.*))
 *(.init_array*)
 .init_array    0x08002edc        0x4 /usr/lib/gcc/arm-none-eabi/5.4.1/armv7-m/crtbegin.o
                0x08002ee0                PROVIDE (__init_array_end, .)

.fini_array     0x08002ee0        0x4
                0x08002ee0                PROVIDE (__fini_array_start, .)
 *(SORT(.fini_array.*))
 *(.fini_array*)
 .fini_array    0x08002ee0        0x4 /usr/lib/gcc/arm-none-eabi/5.4.1/armv7-m/crtbegin.o
                0x08002ee4                PROVIDE (__fini_array_end, .)
                0x08002ee4                _sidata = LOADADDR (.data)

.data           0x20000000        0xc load address 0x08002ee4
                0x20000000                . = ALIGN (0x4)
                0x20000000                _sdata = .
 *(.data)
 *(.data*)
 .data.uwTickFreq
                0x20000000        0x1 build/stm32f1xx_hal.o
                0x20000000                uwTickFreq
 *fill*         0x20000001        0x3 
 .data.SystemCoreClock
                0x20000004        0x4 build/system_stm32f1xx.o
                0x20000004                SystemCoreClock
 .data.uxCriticalNesting
                0x20000008        0x4 build/port.o
                0x2000000c                . = ALIGN (0x4)
                0x2000000c                _edata = .

.jcr            0x2000000c        0x0 load address 0x08002ef0
 .jcr           0x2000000c        0x0 /usr/lib/gcc/arm-none-eabi/5.4.1/armv7-m/crtbegin.o

.tm_clone_table
                0x2000000c        0x0 load address 0x08002ef0
 .tm_clone_table
                0x2000000c        0x0 /usr/lib/gcc/arm-none-eabi/5.4.1/armv7-m/crtbegin.o
 .tm_clone_table
                0x2000000c        0x0 /usr/lib/gcc/arm-none-eabi/5.4.1/armv7-m/crtend.o

.igot.plt       0x2000000c        0x0 load address 0x08002ef0
 .igot.plt      0x2000000c        0x0 /usr/lib/gcc/arm-none-eabi/5.4.1/armv7-m/crtbegin.o
                0x2000000c                . = ALIGN (0x4)

.bss            0x2000000c      0xdc4 load address 0x08002ef0
                0x2000000c                _sbss = .
                0x2000000c                __bss_start__ = _sbss
 *(.bss)
 .bss           0x2000000c       0x1c /usr/lib/gcc/arm-none-eabi/5.4.1/armv7-m/crtbegin.o
 *(.bss*)
 .bss.InterruptCounter
                0x20000028        0x4 build/main.o
                0x20000028                InterruptCounter
 .bss.TickCounter
                0x2000002c        0x4 build/main.o
                0x2000002c                TickCounter
 .bss.globalCounter
                0x20000030        0x4 build/main.o
                0x20000030                globalCounter
 .bss.xFreeBytesRemaining
                0x20000034        0x4 build/heap_4.o
 .bss.pxEnd     0x20000038        0x4 build/heap_4.o
 .bss.xStart    0x2000003c        0x8 build/heap_4.o
 .bss.ucHeap    0x20000044      0xc00 build/heap_4.o
 .bss.xBlockAllocatedBit
                0x20000c44        0x4 build/heap_4.o
 .bss.xMinimumEverFreeBytesRemaining
                0x20000c48        0x4 build/heap_4.o
 .bss.ucMaxSysCallPriority
                0x20000c4c        0x1 build/port.o
 *fill*         0x20000c4d        0x3 
 .bss.ulMaxPRIGROUPValue
                0x20000c50        0x4 build/port.o
 .bss.xNumOfOverflows
                0x20000c54        0x4 build/tasks.o
 .bss.pxDelayedTaskList
                0x20000c58        0x4 build/tasks.o
 .bss.xSchedulerRunning
                0x20000c5c        0x4 build/tasks.o
 .bss.xTasksWaitingTermination
                0x20000c60       0x14 build/tasks.o
 .bss.pxOverflowDelayedTaskList
                0x20000c74        0x4 build/tasks.o
 .bss.uxPendedTicks
                0x20000c78        0x4 build/tasks.o
 .bss.pxReadyTasksLists
                0x20000c7c       0x8c build/tasks.o
 .bss.uxSchedulerSuspended
                0x20000d08        0x4 build/tasks.o
 .bss.uxDeletedTasksWaitingCleanUp
                0x20000d0c        0x4 build/tasks.o
 .bss.uxCurrentNumberOfTasks
                0x20000d10        0x4 build/tasks.o
 .bss.pxCurrentTCB
                0x20000d14        0x4 build/tasks.o
                0x20000d14                pxCurrentTCB
 .bss.xPendingReadyList
                0x20000d18       0x14 build/tasks.o
 .bss.xIdleTaskHandle
                0x20000d2c        0x4 build/tasks.o
 .bss.xTickCount
                0x20000d30        0x4 build/tasks.o
 .bss.xNextTaskUnblockTime
                0x20000d34        0x4 build/tasks.o
 .bss.uxTaskNumber
                0x20000d38        0x4 build/tasks.o
 .bss.xDelayedTaskList1
                0x20000d3c       0x14 build/tasks.o
 .bss.xDelayedTaskList2
                0x20000d50       0x14 build/tasks.o
 .bss.xSuspendedTaskList
                0x20000d64       0x14 build/tasks.o
 .bss.uxTopReadyPriority
                0x20000d78        0x4 build/tasks.o
 .bss.xYieldPending
                0x20000d7c        0x4 build/tasks.o
 *(COMMON)
 COMMON         0x20000d80        0xc build/main.o
                0x20000d80                MailProducerHandle
                0x20000d84                MailConsumerHandle
                0x20000d88                mailQ01Handle
 COMMON         0x20000d8c       0x40 build/stm32f1xx_hal_timebase_TIM.o
                0x20000d8c                htim4
 COMMON         0x20000dcc        0x4 build/stm32f1xx_hal.o
                0x20000dcc                uwTick
                0x20000dd0                . = ALIGN (0x4)
                0x20000dd0                _ebss = .
                0x20000dd0                __bss_end__ = _ebss

._user_heap_stack
                0x20000dd0      0x600 load address 0x08002ef0
                0x20000dd0                . = ALIGN (0x8)
                [!provide]                PROVIDE (end, .)
                [!provide]                PROVIDE (_end, .)
                0x20000fd0                . = (. + _Min_Heap_Size)
 *fill*         0x20000dd0      0x200 
                0x200013d0                . = (. + _Min_Stack_Size)
 *fill*         0x20000fd0      0x400 
                0x200013d0                . = ALIGN (0x8)

/DISCARD/
 libc.a(*)
 libm.a(*)
 libgcc.a(*)

.ARM.attributes
                0x00000000       0x29
 *(.ARM.attributes)
 .ARM.attributes
                0x00000000       0x1d /usr/lib/gcc/arm-none-eabi/5.4.1/armv7-m/crti.o
 .ARM.attributes
                0x0000001d       0x2d /usr/lib/gcc/arm-none-eabi/5.4.1/armv7-m/crtbegin.o
 .ARM.attributes
                0x0000004a       0x33 build/main.o
 .ARM.attributes
                0x0000007d       0x33 build/stm32f1xx_it.o
 .ARM.attributes
                0x000000b0       0x33 build/stm32f1xx_hal_msp.o
 .ARM.attributes
                0x000000e3       0x33 build/stm32f1xx_hal_timebase_TIM.o
 .ARM.attributes
                0x00000116       0x33 build/stm32f1xx_hal_tim.o
 .ARM.attributes
                0x00000149       0x33 build/stm32f1xx_hal_tim_ex.o
 .ARM.attributes
                0x0000017c       0x33 build/stm32f1xx_hal.o
 .ARM.attributes
                0x000001af       0x33 build/stm32f1xx_hal_rcc.o
 .ARM.attributes
                0x000001e2       0x33 build/stm32f1xx_hal_gpio.o
 .ARM.attributes
                0x00000215       0x33 build/stm32f1xx_hal_cortex.o
 .ARM.attributes
                0x00000248       0x33 build/system_stm32f1xx.o
 .ARM.attributes
                0x0000027b       0x33 build/heap_4.o
 .ARM.attributes
                0x000002ae       0x33 build/port.o
 .ARM.attributes
                0x000002e1       0x33 build/list.o
 .ARM.attributes
                0x00000314       0x33 build/tasks.o
 .ARM.attributes
                0x00000347       0x33 build/queue.o
 .ARM.attributes
                0x0000037a       0x33 build/cmsis_os.o
 .ARM.attributes
                0x000003ad       0x21 build/startup_stm32f103xe.o
 .ARM.attributes
                0x000003ce       0x2d /usr/lib/gcc/arm-none-eabi/5.4.1/../../../arm-none-eabi/lib/armv7-m/libc_nano.a(lib_a-init.o)
 .ARM.attributes
                0x000003fb       0x1b /usr/lib/gcc/arm-none-eabi/5.4.1/../../../arm-none-eabi/lib/armv7-m/libc_nano.a(lib_a-memcpy.o)
 .ARM.attributes
                0x00000416       0x2d /usr/lib/gcc/arm-none-eabi/5.4.1/armv7-m/crtend.o
 .ARM.attributes
                0x00000443       0x1d /usr/lib/gcc/arm-none-eabi/5.4.1/armv7-m/crtn.o
OUTPUT(build/MailBox.elf elf32-littlearm)

.comment        0x00000000       0x2b
 .comment       0x00000000       0x2b /usr/lib/gcc/arm-none-eabi/5.4.1/armv7-m/crtbegin.o
                                 0x2c (size before relaxing)
 .comment       0x0000002b       0x2c build/main.o
 .comment       0x0000002b       0x2c build/stm32f1xx_it.o
 .comment       0x0000002b       0x2c build/stm32f1xx_hal_msp.o
 .comment       0x0000002b       0x2c build/stm32f1xx_hal_timebase_TIM.o
 .comment       0x0000002b       0x2c build/stm32f1xx_hal_tim.o
 .comment       0x0000002b       0x2c build/stm32f1xx_hal_tim_ex.o
 .comment       0x0000002b       0x2c build/stm32f1xx_hal.o
 .comment       0x0000002b       0x2c build/stm32f1xx_hal_rcc.o
 .comment       0x0000002b       0x2c build/stm32f1xx_hal_gpio.o
 .comment       0x0000002b       0x2c build/stm32f1xx_hal_cortex.o
 .comment       0x0000002b       0x2c build/system_stm32f1xx.o
 .comment       0x0000002b       0x2c build/heap_4.o
 .comment       0x0000002b       0x2c build/port.o
 .comment       0x0000002b       0x2c build/list.o
 .comment       0x0000002b       0x2c build/tasks.o
 .comment       0x0000002b       0x2c build/queue.o
 .comment       0x0000002b       0x2c build/cmsis_os.o
 .comment       0x0000002b       0x2c /usr/lib/gcc/arm-none-eabi/5.4.1/../../../arm-none-eabi/lib/armv7-m/libc_nano.a(lib_a-init.o)
 .comment       0x0000002b       0x2c /usr/lib/gcc/arm-none-eabi/5.4.1/armv7-m/crtend.o

.debug_info     0x00000000    0x10aab
 .debug_info    0x00000000     0x2087 build/main.o
 .debug_info    0x00002087      0x6aa build/stm32f1xx_it.o
 .debug_info    0x00002731      0x500 build/stm32f1xx_hal_msp.o
 .debug_info    0x00002c31      0xa3c build/stm32f1xx_hal_timebase_TIM.o
 .debug_info    0x0000366d     0x309c build/stm32f1xx_hal_tim.o
 .debug_info    0x00006709     0x137e build/stm32f1xx_hal_tim_ex.o
 .debug_info    0x00007a87      0x83a build/stm32f1xx_hal.o
 .debug_info    0x000082c1      0xa90 build/stm32f1xx_hal_rcc.o
 .debug_info    0x00008d51      0x66e build/stm32f1xx_hal_gpio.o
 .debug_info    0x000093bf      0xd36 build/stm32f1xx_hal_cortex.o
 .debug_info    0x0000a0f5      0x437 build/system_stm32f1xx.o
 .debug_info    0x0000a52c      0x46f build/heap_4.o
 .debug_info    0x0000a99b      0x506 build/port.o
 .debug_info    0x0000aea1      0x2d0 build/list.o
 .debug_info    0x0000b171     0x224f build/tasks.o
 .debug_info    0x0000d3c0     0x1835 build/queue.o
 .debug_info    0x0000ebf5     0x1c86 build/cmsis_os.o
 .debug_info    0x0001087b       0x59 build/startup_stm32f103xe.o
 .debug_info    0x000108d4      0x110 /usr/lib/gcc/arm-none-eabi/5.4.1/../../../arm-none-eabi/lib/armv7-m/libc_nano.a(lib_a-init.o)
 .debug_info    0x000109e4       0xc7 /usr/lib/gcc/arm-none-eabi/5.4.1/../../../arm-none-eabi/lib/armv7-m/libc_nano.a(lib_a-memcpy.o)

.debug_abbrev   0x00000000     0x2701
 .debug_abbrev  0x00000000      0x367 build/main.o
 .debug_abbrev  0x00000367      0x188 build/stm32f1xx_it.o
 .debug_abbrev  0x000004ef      0x126 build/stm32f1xx_hal_msp.o
 .debug_abbrev  0x00000615      0x1d4 build/stm32f1xx_hal_timebase_TIM.o
 .debug_abbrev  0x000007e9      0x278 build/stm32f1xx_hal_tim.o
 .debug_abbrev  0x00000a61      0x251 build/stm32f1xx_hal_tim_ex.o
 .debug_abbrev  0x00000cb2      0x20f build/stm32f1xx_hal.o
 .debug_abbrev  0x00000ec1      0x28e build/stm32f1xx_hal_rcc.o
 .debug_abbrev  0x0000114f      0x202 build/stm32f1xx_hal_gpio.o
 .debug_abbrev  0x00001351      0x2ee build/stm32f1xx_hal_cortex.o
 .debug_abbrev  0x0000163f      0x124 build/system_stm32f1xx.o
 .debug_abbrev  0x00001763      0x216 build/heap_4.o
 .debug_abbrev  0x00001979      0x26e build/port.o
 .debug_abbrev  0x00001be7       0xf8 build/list.o
 .debug_abbrev  0x00001cdf      0x358 build/tasks.o
 .debug_abbrev  0x00002037      0x2cf build/queue.o
 .debug_abbrev  0x00002306      0x31b build/cmsis_os.o
 .debug_abbrev  0x00002621       0x12 build/startup_stm32f103xe.o
 .debug_abbrev  0x00002633       0xba /usr/lib/gcc/arm-none-eabi/5.4.1/../../../arm-none-eabi/lib/armv7-m/libc_nano.a(lib_a-init.o)
 .debug_abbrev  0x000026ed       0x14 /usr/lib/gcc/arm-none-eabi/5.4.1/../../../arm-none-eabi/lib/armv7-m/libc_nano.a(lib_a-memcpy.o)

.debug_loc      0x00000000     0xa842
 .debug_loc     0x00000000      0x288 build/main.o
 .debug_loc     0x00000288       0x40 build/stm32f1xx_it.o
 .debug_loc     0x000002c8       0x38 build/stm32f1xx_hal_msp.o
 .debug_loc     0x00000300       0xb1 build/stm32f1xx_hal_timebase_TIM.o
 .debug_loc     0x000003b1     0x3cc6 build/stm32f1xx_hal_tim.o
 .debug_loc     0x00004077     0x11d2 build/stm32f1xx_hal_tim_ex.o
 .debug_loc     0x00005249      0x1a8 build/stm32f1xx_hal.o
 .debug_loc     0x000053f1      0x6e5 build/stm32f1xx_hal_rcc.o
 .debug_loc     0x00005ad6      0x410 build/stm32f1xx_hal_gpio.o
 .debug_loc     0x00005ee6      0x59f build/stm32f1xx_hal_cortex.o
 .debug_loc     0x00006485       0xdf build/system_stm32f1xx.o
 .debug_loc     0x00006564      0x32f build/heap_4.o
 .debug_loc     0x00006893      0x11a build/port.o
 .debug_loc     0x000069ad       0x91 build/list.o
 .debug_loc     0x00006a3e     0x16d3 build/tasks.o
 .debug_loc     0x00008111     0x1093 build/queue.o
 .debug_loc     0x000091a4     0x15f0 build/cmsis_os.o
 .debug_loc     0x0000a794       0xae /usr/lib/gcc/arm-none-eabi/5.4.1/../../../arm-none-eabi/lib/armv7-m/libc_nano.a(lib_a-init.o)

.debug_aranges  0x00000000      0xde8
 .debug_aranges
                0x00000000       0x78 build/main.o
 .debug_aranges
                0x00000078       0x58 build/stm32f1xx_it.o
 .debug_aranges
                0x000000d0       0x20 build/stm32f1xx_hal_msp.o
 .debug_aranges
                0x000000f0       0x30 build/stm32f1xx_hal_timebase_TIM.o
 .debug_aranges
                0x00000120      0x368 build/stm32f1xx_hal_tim.o
 .debug_aranges
                0x00000488      0x138 build/stm32f1xx_hal_tim_ex.o
 .debug_aranges
                0x000005c0       0xd0 build/stm32f1xx_hal.o
 .debug_aranges
                0x00000690       0x90 build/stm32f1xx_hal_rcc.o
 .debug_aranges
                0x00000720       0x58 build/stm32f1xx_hal_gpio.o
 .debug_aranges
                0x00000778       0x90 build/stm32f1xx_hal_cortex.o
 .debug_aranges
                0x00000808       0x28 build/system_stm32f1xx.o
 .debug_aranges
                0x00000830       0x50 build/heap_4.o
 .debug_aranges
                0x00000880       0x78 build/port.o
 .debug_aranges
                0x000008f8       0x40 build/list.o
 .debug_aranges
                0x00000938      0x190 build/tasks.o
 .debug_aranges
                0x00000ac8       0xe0 build/queue.o
 .debug_aranges
                0x00000ba8      0x1d8 build/cmsis_os.o
 .debug_aranges
                0x00000d80       0x28 build/startup_stm32f103xe.o
 .debug_aranges
                0x00000da8       0x20 /usr/lib/gcc/arm-none-eabi/5.4.1/../../../arm-none-eabi/lib/armv7-m/libc_nano.a(lib_a-init.o)
 .debug_aranges
                0x00000dc8       0x20 /usr/lib/gcc/arm-none-eabi/5.4.1/../../../arm-none-eabi/lib/armv7-m/libc_nano.a(lib_a-memcpy.o)

.debug_ranges   0x00000000      0xd28
 .debug_ranges  0x00000000       0x68 build/main.o
 .debug_ranges  0x00000068       0x48 build/stm32f1xx_it.o
 .debug_ranges  0x000000b0       0x10 build/stm32f1xx_hal_msp.o
 .debug_ranges  0x000000c0       0x20 build/stm32f1xx_hal_timebase_TIM.o
 .debug_ranges  0x000000e0      0x358 build/stm32f1xx_hal_tim.o
 .debug_ranges  0x00000438      0x128 build/stm32f1xx_hal_tim_ex.o
 .debug_ranges  0x00000560       0xc0 build/stm32f1xx_hal.o
 .debug_ranges  0x00000620       0x98 build/stm32f1xx_hal_rcc.o
 .debug_ranges  0x000006b8       0x48 build/stm32f1xx_hal_gpio.o
 .debug_ranges  0x00000700       0x80 build/stm32f1xx_hal_cortex.o
 .debug_ranges  0x00000780       0x18 build/system_stm32f1xx.o
 .debug_ranges  0x00000798       0x40 build/heap_4.o
 .debug_ranges  0x000007d8       0x68 build/port.o
 .debug_ranges  0x00000840       0x30 build/list.o
 .debug_ranges  0x00000870      0x1b8 build/tasks.o
 .debug_ranges  0x00000a28      0x118 build/queue.o
 .debug_ranges  0x00000b40      0x1c8 build/cmsis_os.o
 .debug_ranges  0x00000d08       0x20 build/startup_stm32f103xe.o

.debug_line     0x00000000     0x5127
 .debug_line    0x00000000      0x3e6 build/main.o
 .debug_line    0x000003e6      0x210 build/stm32f1xx_it.o
 .debug_line    0x000005f6      0x142 build/stm32f1xx_hal_msp.o
 .debug_line    0x00000738      0x1cd build/stm32f1xx_hal_timebase_TIM.o
 .debug_line    0x00000905     0x114f build/stm32f1xx_hal_tim.o
 .debug_line    0x00001a54      0x6f5 build/stm32f1xx_hal_tim_ex.o
 .debug_line    0x00002149      0x331 build/stm32f1xx_hal.o
 .debug_line    0x0000247a      0x4b0 build/stm32f1xx_hal_rcc.o
 .debug_line    0x0000292a      0x302 build/stm32f1xx_hal_gpio.o
 .debug_line    0x00002c2c      0x2b4 build/stm32f1xx_hal_cortex.o
 .debug_line    0x00002ee0      0x13c build/system_stm32f1xx.o
 .debug_line    0x0000301c      0x28b build/heap_4.o
 .debug_line    0x000032a7      0x26f build/port.o
 .debug_line    0x00003516      0x1a7 build/list.o
 .debug_line    0x000036bd      0xa05 build/tasks.o
 .debug_line    0x000040c2      0x6dd build/queue.o
 .debug_line    0x0000479f      0x7a5 build/cmsis_os.o
 .debug_line    0x00004f44       0x72 build/startup_stm32f103xe.o
 .debug_line    0x00004fb6       0xb6 /usr/lib/gcc/arm-none-eabi/5.4.1/../../../arm-none-eabi/lib/armv7-m/libc_nano.a(lib_a-init.o)
 .debug_line    0x0000506c       0xbb /usr/lib/gcc/arm-none-eabi/5.4.1/../../../arm-none-eabi/lib/armv7-m/libc_nano.a(lib_a-memcpy.o)

.debug_str      0x00000000     0x491c
 .debug_str     0x00000000     0x1299 build/main.o
                               0x1375 (size before relaxing)
 .debug_str     0x00001299       0xc2 build/stm32f1xx_it.o
                                0x5ca (size before relaxing)
 .debug_str     0x0000135b       0x41 build/stm32f1xx_hal_msp.o
                                0x5d9 (size before relaxing)
 .debug_str     0x0000139c      0x114 build/stm32f1xx_hal_timebase_TIM.o
                                0xab2 (size before relaxing)
 .debug_str     0x000014b0      0xd0d build/stm32f1xx_hal_tim.o
                               0x1309 (size before relaxing)
 .debug_str     0x000021bd      0x4ee build/stm32f1xx_hal_tim_ex.o
                                0xbab (size before relaxing)
 .debug_str     0x000026ab      0x25c build/stm32f1xx_hal.o
                                0x8b3 (size before relaxing)
 .debug_str     0x00002907      0x1be build/stm32f1xx_hal_rcc.o
                                0x5ef (size before relaxing)
 .debug_str     0x00002ac5      0x127 build/stm32f1xx_hal_gpio.o
                                0x3da (size before relaxing)
 .debug_str     0x00002bec      0x26e build/stm32f1xx_hal_cortex.o
                                0x963 (size before relaxing)
 .debug_str     0x00002e5a       0x4a build/system_stm32f1xx.o
                                0x281 (size before relaxing)
 .debug_str     0x00002ea4      0x245 build/heap_4.o
                                0x38e (size before relaxing)
 .debug_str     0x000030e9      0x277 build/port.o
                                0x3fa (size before relaxing)
 .debug_str     0x00003360      0x141 build/list.o
                                0x2a5 (size before relaxing)
 .debug_str     0x000034a1      0x9cd build/tasks.o
                                0xda0 (size before relaxing)
 .debug_str     0x00003e6e      0x41f build/queue.o
                                0x89e (size before relaxing)
 .debug_str     0x0000428d      0x549 build/cmsis_os.o
                                0xd62 (size before relaxing)
 .debug_str     0x000047d6      0x146 /usr/lib/gcc/arm-none-eabi/5.4.1/../../../arm-none-eabi/lib/armv7-m/libc_nano.a(lib_a-init.o)
                                0x1f1 (size before relaxing)

.debug_frame    0x00000000     0x27d8
 .debug_frame   0x00000000      0x150 build/main.o
 .debug_frame   0x00000150       0xa8 build/stm32f1xx_it.o
 .debug_frame   0x000001f8       0x30 build/stm32f1xx_hal_msp.o
 .debug_frame   0x00000228       0x4c build/stm32f1xx_hal_timebase_TIM.o
 .debug_frame   0x00000274      0xb08 build/stm32f1xx_hal_tim.o
 .debug_frame   0x00000d7c      0x420 build/stm32f1xx_hal_tim_ex.o
 .debug_frame   0x0000119c      0x1c0 build/stm32f1xx_hal.o
 .debug_frame   0x0000135c      0x190 build/stm32f1xx_hal_rcc.o
 .debug_frame   0x000014ec       0xd4 build/stm32f1xx_hal_gpio.o
 .debug_frame   0x000015c0      0x134 build/stm32f1xx_hal_cortex.o
 .debug_frame   0x000016f4       0x30 build/system_stm32f1xx.o
 .debug_frame   0x00001724       0xb8 build/heap_4.o
 .debug_frame   0x000017dc       0xe8 build/port.o
 .debug_frame   0x000018c4       0x70 build/list.o
 .debug_frame   0x00001934      0x57c build/tasks.o
 .debug_frame   0x00001eb0      0x2f4 build/queue.o
 .debug_frame   0x000021a4      0x608 build/cmsis_os.o
 .debug_frame   0x000027ac       0x2c /usr/lib/gcc/arm-none-eabi/5.4.1/../../../arm-none-eabi/lib/armv7-m/libc_nano.a(lib_a-init.o)

Cross Reference Table

Symbol                                            File
ADC1_2_IRQHandler                                 build/startup_stm32f103xe.o
ADC3_IRQHandler                                   build/startup_stm32f103xe.o
AHBPrescTable                                     build/system_stm32f1xx.o
                                                  build/stm32f1xx_hal_rcc.o
APBPrescTable                                     build/system_stm32f1xx.o
                                                  build/stm32f1xx_hal_rcc.o
BusFault_Handler                                  build/stm32f1xx_it.o
CAN1_RX1_IRQHandler                               build/startup_stm32f103xe.o
CAN1_SCE_IRQHandler                               build/startup_stm32f103xe.o
DMA1_Channel1_IRQHandler                          build/startup_stm32f103xe.o
DMA1_Channel2_IRQHandler                          build/startup_stm32f103xe.o
DMA1_Channel3_IRQHandler                          build/startup_stm32f103xe.o
DMA1_Channel4_IRQHandler                          build/startup_stm32f103xe.o
DMA1_Channel5_IRQHandler                          build/startup_stm32f103xe.o
DMA1_Channel6_IRQHandler                          build/startup_stm32f103xe.o
DMA1_Channel7_IRQHandler                          build/startup_stm32f103xe.o
DMA2_Channel1_IRQHandler                          build/startup_stm32f103xe.o
DMA2_Channel2_IRQHandler                          build/startup_stm32f103xe.o
DMA2_Channel3_IRQHandler                          build/startup_stm32f103xe.o
DMA2_Channel4_5_IRQHandler                        build/startup_stm32f103xe.o
DebugMon_Handler                                  build/stm32f1xx_it.o
Default_Handler                                   build/startup_stm32f103xe.o
EXTI0_IRQHandler                                  build/startup_stm32f103xe.o
EXTI15_10_IRQHandler                              build/startup_stm32f103xe.o
EXTI1_IRQHandler                                  build/startup_stm32f103xe.o
EXTI2_IRQHandler                                  build/startup_stm32f103xe.o
EXTI3_IRQHandler                                  build/startup_stm32f103xe.o
EXTI4_IRQHandler                                  build/startup_stm32f103xe.o
EXTI9_5_IRQHandler                                build/startup_stm32f103xe.o
FLASH_IRQHandler                                  build/startup_stm32f103xe.o
FLASH_PageErase                                   build/stm32f1xx_hal_flash_ex.o
                                                  build/stm32f1xx_hal_flash.o
FLASH_WaitForLastOperation                        build/stm32f1xx_hal_flash.o
                                                  build/stm32f1xx_hal_flash_ex.o
FSMC_IRQHandler                                   build/startup_stm32f103xe.o
HAL_DBGMCU_DisableDBGSleepMode                    build/stm32f1xx_hal.o
HAL_DBGMCU_DisableDBGStandbyMode                  build/stm32f1xx_hal.o
HAL_DBGMCU_DisableDBGStopMode                     build/stm32f1xx_hal.o
HAL_DBGMCU_EnableDBGSleepMode                     build/stm32f1xx_hal.o
HAL_DBGMCU_EnableDBGStandbyMode                   build/stm32f1xx_hal.o
HAL_DBGMCU_EnableDBGStopMode                      build/stm32f1xx_hal.o
HAL_DMA_Abort                                     build/stm32f1xx_hal_dma.o
                                                  build/stm32f1xx_hal_tim.o
HAL_DMA_Abort_IT                                  build/stm32f1xx_hal_dma.o
HAL_DMA_DeInit                                    build/stm32f1xx_hal_dma.o
HAL_DMA_GetError                                  build/stm32f1xx_hal_dma.o
HAL_DMA_GetState                                  build/stm32f1xx_hal_dma.o
HAL_DMA_IRQHandler                                build/stm32f1xx_hal_dma.o
HAL_DMA_Init                                      build/stm32f1xx_hal_dma.o
HAL_DMA_PollForTransfer                           build/stm32f1xx_hal_dma.o
HAL_DMA_RegisterCallback                          build/stm32f1xx_hal_dma.o
HAL_DMA_Start                                     build/stm32f1xx_hal_dma.o
HAL_DMA_Start_IT                                  build/stm32f1xx_hal_dma.o
                                                  build/stm32f1xx_hal_tim_ex.o
                                                  build/stm32f1xx_hal_tim.o
HAL_DMA_UnRegisterCallback                        build/stm32f1xx_hal_dma.o
HAL_DeInit                                        build/stm32f1xx_hal.o
HAL_Delay                                         build/stm32f1xx_hal.o
HAL_FLASHEx_Erase                                 build/stm32f1xx_hal_flash_ex.o
HAL_FLASHEx_Erase_IT                              build/stm32f1xx_hal_flash_ex.o
HAL_FLASHEx_OBErase                               build/stm32f1xx_hal_flash_ex.o
HAL_FLASHEx_OBGetConfig                           build/stm32f1xx_hal_flash_ex.o
HAL_FLASHEx_OBGetUserData                         build/stm32f1xx_hal_flash_ex.o
HAL_FLASHEx_OBProgram                             build/stm32f1xx_hal_flash_ex.o
HAL_FLASH_EndOfOperationCallback                  build/stm32f1xx_hal_flash.o
HAL_FLASH_GetError                                build/stm32f1xx_hal_flash.o
HAL_FLASH_IRQHandler                              build/stm32f1xx_hal_flash.o
HAL_FLASH_Lock                                    build/stm32f1xx_hal_flash.o
HAL_FLASH_OB_Launch                               build/stm32f1xx_hal_flash.o
HAL_FLASH_OB_Lock                                 build/stm32f1xx_hal_flash.o
HAL_FLASH_OB_Unlock                               build/stm32f1xx_hal_flash.o
HAL_FLASH_OperationErrorCallback                  build/stm32f1xx_hal_flash.o
HAL_FLASH_Program                                 build/stm32f1xx_hal_flash.o
HAL_FLASH_Program_IT                              build/stm32f1xx_hal_flash.o
HAL_FLASH_Unlock                                  build/stm32f1xx_hal_flash.o
HAL_GPIOEx_ConfigEventout                         build/stm32f1xx_hal_gpio_ex.o
HAL_GPIOEx_DisableEventout                        build/stm32f1xx_hal_gpio_ex.o
HAL_GPIOEx_EnableEventout                         build/stm32f1xx_hal_gpio_ex.o
HAL_GPIO_DeInit                                   build/stm32f1xx_hal_gpio.o
HAL_GPIO_EXTI_Callback                            build/stm32f1xx_hal_gpio.o
HAL_GPIO_EXTI_IRQHandler                          build/stm32f1xx_hal_gpio.o
HAL_GPIO_Init                                     build/stm32f1xx_hal_gpio.o
                                                  build/stm32f1xx_hal_rcc.o
                                                  build/main.o
HAL_GPIO_LockPin                                  build/stm32f1xx_hal_gpio.o
HAL_GPIO_ReadPin                                  build/stm32f1xx_hal_gpio.o
HAL_GPIO_TogglePin                                build/stm32f1xx_hal_gpio.o
HAL_GPIO_WritePin                                 build/stm32f1xx_hal_gpio.o
                                                  build/main.o
HAL_GetDEVID                                      build/stm32f1xx_hal.o
HAL_GetHalVersion                                 build/stm32f1xx_hal.o
HAL_GetREVID                                      build/stm32f1xx_hal.o
HAL_GetTick                                       build/stm32f1xx_hal.o
                                                  build/stm32f1xx_hal_flash.o
                                                  build/stm32f1xx_hal_dma.o
                                                  build/stm32f1xx_hal_rcc_ex.o
                                                  build/stm32f1xx_hal_rcc.o
HAL_GetTickFreq                                   build/stm32f1xx_hal.o
HAL_GetTickPrio                                   build/stm32f1xx_hal.o
HAL_GetUID                                        build/stm32f1xx_hal.o
HAL_IncTick                                       build/stm32f1xx_hal.o
                                                  build/main.o
HAL_Init                                          build/stm32f1xx_hal.o
                                                  build/main.o
HAL_InitTick                                      build/stm32f1xx_hal_timebase_TIM.o
                                                  build/stm32f1xx_hal_rcc.o
HAL_MspDeInit                                     build/stm32f1xx_hal.o
HAL_MspInit                                       build/stm32f1xx_hal_msp.o
HAL_NVIC_ClearPendingIRQ                          build/stm32f1xx_hal_cortex.o
HAL_NVIC_DisableIRQ                               build/stm32f1xx_hal_cortex.o
HAL_NVIC_EnableIRQ                                build/stm32f1xx_hal_cortex.o
                                                  build/stm32f1xx_hal_timebase_TIM.o
HAL_NVIC_GetActive                                build/stm32f1xx_hal_cortex.o
HAL_NVIC_GetPendingIRQ                            build/stm32f1xx_hal_cortex.o
HAL_NVIC_GetPriority                              build/stm32f1xx_hal_cortex.o
HAL_NVIC_GetPriorityGrouping                      build/stm32f1xx_hal_cortex.o
HAL_NVIC_SetPendingIRQ                            build/stm32f1xx_hal_cortex.o
HAL_NVIC_SetPriority                              build/stm32f1xx_hal_cortex.o
                                                  build/stm32f1xx_hal.o
                                                  build/stm32f1xx_hal_timebase_TIM.o
                                                  build/stm32f1xx_hal_msp.o
                                                  build/main.o
HAL_NVIC_SetPriorityGrouping                      build/stm32f1xx_hal_cortex.o
                                                  build/stm32f1xx_hal.o
                                                  build/stm32f1xx_hal_msp.o
HAL_NVIC_SystemReset                              build/stm32f1xx_hal_cortex.o
                                                  build/stm32f1xx_hal_flash.o
HAL_PWR_ConfigPVD                                 build/stm32f1xx_hal_pwr.o
HAL_PWR_DeInit                                    build/stm32f1xx_hal_pwr.o
HAL_PWR_DisableBkUpAccess                         build/stm32f1xx_hal_pwr.o
HAL_PWR_DisablePVD                                build/stm32f1xx_hal_pwr.o
HAL_PWR_DisableSEVOnPend                          build/stm32f1xx_hal_pwr.o
HAL_PWR_DisableSleepOnExit                        build/stm32f1xx_hal_pwr.o
HAL_PWR_DisableWakeUpPin                          build/stm32f1xx_hal_pwr.o
HAL_PWR_EnableBkUpAccess                          build/stm32f1xx_hal_pwr.o
HAL_PWR_EnablePVD                                 build/stm32f1xx_hal_pwr.o
HAL_PWR_EnableSEVOnPend                           build/stm32f1xx_hal_pwr.o
HAL_PWR_EnableSleepOnExit                         build/stm32f1xx_hal_pwr.o
HAL_PWR_EnableWakeUpPin                           build/stm32f1xx_hal_pwr.o
HAL_PWR_EnterSLEEPMode                            build/stm32f1xx_hal_pwr.o
HAL_PWR_EnterSTANDBYMode                          build/stm32f1xx_hal_pwr.o
HAL_PWR_EnterSTOPMode                             build/stm32f1xx_hal_pwr.o
HAL_PWR_PVDCallback                               build/stm32f1xx_hal_pwr.o
HAL_PWR_PVD_IRQHandler                            build/stm32f1xx_hal_pwr.o
HAL_RCCEx_GetPeriphCLKConfig                      build/stm32f1xx_hal_rcc_ex.o
HAL_RCCEx_GetPeriphCLKFreq                        build/stm32f1xx_hal_rcc_ex.o
HAL_RCCEx_PeriphCLKConfig                         build/stm32f1xx_hal_rcc_ex.o
HAL_RCC_CSSCallback                               build/stm32f1xx_hal_rcc.o
HAL_RCC_ClockConfig                               build/stm32f1xx_hal_rcc.o
                                                  build/main.o
HAL_RCC_DeInit                                    build/stm32f1xx_hal_rcc.o
HAL_RCC_DisableCSS                                build/stm32f1xx_hal_rcc.o
HAL_RCC_EnableCSS                                 build/stm32f1xx_hal_rcc.o
HAL_RCC_GetClockConfig                            build/stm32f1xx_hal_rcc.o
                                                  build/stm32f1xx_hal_timebase_TIM.o
HAL_RCC_GetHCLKFreq                               build/stm32f1xx_hal_rcc.o
                                                  build/main.o
HAL_RCC_GetOscConfig                              build/stm32f1xx_hal_rcc.o
HAL_RCC_GetPCLK1Freq                              build/stm32f1xx_hal_rcc.o
                                                  build/stm32f1xx_hal_timebase_TIM.o
HAL_RCC_GetPCLK2Freq                              build/stm32f1xx_hal_rcc.o
                                                  build/stm32f1xx_hal_rcc_ex.o
HAL_RCC_GetSysClockFreq                           build/stm32f1xx_hal_rcc.o
                                                  build/stm32f1xx_hal_rcc_ex.o
HAL_RCC_MCOConfig                                 build/stm32f1xx_hal_rcc.o
HAL_RCC_NMI_IRQHandler                            build/stm32f1xx_hal_rcc.o
HAL_RCC_OscConfig                                 build/stm32f1xx_hal_rcc.o
                                                  build/main.o
HAL_ResumeTick                                    build/stm32f1xx_hal_timebase_TIM.o
HAL_SYSTICK_CLKSourceConfig                       build/stm32f1xx_hal_cortex.o
                                                  build/main.o
HAL_SYSTICK_Callback                              build/stm32f1xx_hal_cortex.o
HAL_SYSTICK_Config                                build/stm32f1xx_hal_cortex.o
                                                  build/stm32f1xx_hal.o
                                                  build/main.o
HAL_SYSTICK_IRQHandler                            build/stm32f1xx_hal_cortex.o
HAL_SetTickFreq                                   build/stm32f1xx_hal.o
HAL_SuspendTick                                   build/stm32f1xx_hal_timebase_TIM.o
HAL_TIMEx_BreakCallback                           build/stm32f1xx_hal_tim_ex.o
                                                  build/stm32f1xx_hal_tim.o
HAL_TIMEx_CommutationCallback                     build/stm32f1xx_hal_tim_ex.o
                                                  build/stm32f1xx_hal_tim.o
HAL_TIMEx_ConfigBreakDeadTime                     build/stm32f1xx_hal_tim_ex.o
HAL_TIMEx_ConfigCommutationEvent                  build/stm32f1xx_hal_tim_ex.o
HAL_TIMEx_ConfigCommutationEvent_DMA              build/stm32f1xx_hal_tim_ex.o
HAL_TIMEx_ConfigCommutationEvent_IT               build/stm32f1xx_hal_tim_ex.o
HAL_TIMEx_HallSensor_DeInit                       build/stm32f1xx_hal_tim_ex.o
HAL_TIMEx_HallSensor_GetState                     build/stm32f1xx_hal_tim_ex.o
HAL_TIMEx_HallSensor_Init                         build/stm32f1xx_hal_tim_ex.o
HAL_TIMEx_HallSensor_MspDeInit                    build/stm32f1xx_hal_tim_ex.o
HAL_TIMEx_HallSensor_MspInit                      build/stm32f1xx_hal_tim_ex.o
HAL_TIMEx_HallSensor_Start                        build/stm32f1xx_hal_tim_ex.o
HAL_TIMEx_HallSensor_Start_DMA                    build/stm32f1xx_hal_tim_ex.o
HAL_TIMEx_HallSensor_Start_IT                     build/stm32f1xx_hal_tim_ex.o
HAL_TIMEx_HallSensor_Stop                         build/stm32f1xx_hal_tim_ex.o
HAL_TIMEx_HallSensor_Stop_DMA                     build/stm32f1xx_hal_tim_ex.o
HAL_TIMEx_HallSensor_Stop_IT                      build/stm32f1xx_hal_tim_ex.o
HAL_TIMEx_MasterConfigSynchronization             build/stm32f1xx_hal_tim_ex.o
HAL_TIMEx_OCN_Start                               build/stm32f1xx_hal_tim_ex.o
HAL_TIMEx_OCN_Start_DMA                           build/stm32f1xx_hal_tim_ex.o
HAL_TIMEx_OCN_Start_IT                            build/stm32f1xx_hal_tim_ex.o
HAL_TIMEx_OCN_Stop                                build/stm32f1xx_hal_tim_ex.o
HAL_TIMEx_OCN_Stop_DMA                            build/stm32f1xx_hal_tim_ex.o
HAL_TIMEx_OCN_Stop_IT                             build/stm32f1xx_hal_tim_ex.o
HAL_TIMEx_OnePulseN_Start                         build/stm32f1xx_hal_tim_ex.o
HAL_TIMEx_OnePulseN_Start_IT                      build/stm32f1xx_hal_tim_ex.o
HAL_TIMEx_OnePulseN_Stop                          build/stm32f1xx_hal_tim_ex.o
HAL_TIMEx_OnePulseN_Stop_IT                       build/stm32f1xx_hal_tim_ex.o
HAL_TIMEx_PWMN_Start                              build/stm32f1xx_hal_tim_ex.o
HAL_TIMEx_PWMN_Start_DMA                          build/stm32f1xx_hal_tim_ex.o
HAL_TIMEx_PWMN_Start_IT                           build/stm32f1xx_hal_tim_ex.o
HAL_TIMEx_PWMN_Stop                               build/stm32f1xx_hal_tim_ex.o
HAL_TIMEx_PWMN_Stop_DMA                           build/stm32f1xx_hal_tim_ex.o
HAL_TIMEx_PWMN_Stop_IT                            build/stm32f1xx_hal_tim_ex.o
HAL_TIM_Base_DeInit                               build/stm32f1xx_hal_tim.o
HAL_TIM_Base_GetState                             build/stm32f1xx_hal_tim.o
HAL_TIM_Base_Init                                 build/stm32f1xx_hal_tim.o
                                                  build/stm32f1xx_hal_timebase_TIM.o
HAL_TIM_Base_MspDeInit                            build/stm32f1xx_hal_tim.o
HAL_TIM_Base_MspInit                              build/stm32f1xx_hal_tim.o
HAL_TIM_Base_Start                                build/stm32f1xx_hal_tim.o
HAL_TIM_Base_Start_DMA                            build/stm32f1xx_hal_tim.o
HAL_TIM_Base_Start_IT                             build/stm32f1xx_hal_tim.o
                                                  build/stm32f1xx_hal_timebase_TIM.o
HAL_TIM_Base_Stop                                 build/stm32f1xx_hal_tim.o
HAL_TIM_Base_Stop_DMA                             build/stm32f1xx_hal_tim.o
HAL_TIM_Base_Stop_IT                              build/stm32f1xx_hal_tim.o
HAL_TIM_ConfigClockSource                         build/stm32f1xx_hal_tim.o
HAL_TIM_ConfigOCrefClear                          build/stm32f1xx_hal_tim.o
HAL_TIM_ConfigTI1Input                            build/stm32f1xx_hal_tim.o
HAL_TIM_DMABurst_ReadStart                        build/stm32f1xx_hal_tim.o
HAL_TIM_DMABurst_ReadStop                         build/stm32f1xx_hal_tim.o
HAL_TIM_DMABurst_WriteStart                       build/stm32f1xx_hal_tim.o
HAL_TIM_DMABurst_WriteStop                        build/stm32f1xx_hal_tim.o
HAL_TIM_Encoder_DeInit                            build/stm32f1xx_hal_tim.o
HAL_TIM_Encoder_GetState                          build/stm32f1xx_hal_tim.o
HAL_TIM_Encoder_Init                              build/stm32f1xx_hal_tim.o
HAL_TIM_Encoder_MspDeInit                         build/stm32f1xx_hal_tim.o
HAL_TIM_Encoder_MspInit                           build/stm32f1xx_hal_tim.o
HAL_TIM_Encoder_Start                             build/stm32f1xx_hal_tim.o
HAL_TIM_Encoder_Start_DMA                         build/stm32f1xx_hal_tim.o
HAL_TIM_Encoder_Start_IT                          build/stm32f1xx_hal_tim.o
HAL_TIM_Encoder_Stop                              build/stm32f1xx_hal_tim.o
HAL_TIM_Encoder_Stop_DMA                          build/stm32f1xx_hal_tim.o
HAL_TIM_Encoder_Stop_IT                           build/stm32f1xx_hal_tim.o
HAL_TIM_ErrorCallback                             build/stm32f1xx_hal_tim.o
HAL_TIM_GenerateEvent                             build/stm32f1xx_hal_tim.o
HAL_TIM_IC_CaptureCallback                        build/stm32f1xx_hal_tim.o
HAL_TIM_IC_ConfigChannel                          build/stm32f1xx_hal_tim.o
HAL_TIM_IC_DeInit                                 build/stm32f1xx_hal_tim.o
HAL_TIM_IC_GetState                               build/stm32f1xx_hal_tim.o
HAL_TIM_IC_Init                                   build/stm32f1xx_hal_tim.o
HAL_TIM_IC_MspDeInit                              build/stm32f1xx_hal_tim.o
HAL_TIM_IC_MspInit                                build/stm32f1xx_hal_tim.o
HAL_TIM_IC_Start                                  build/stm32f1xx_hal_tim.o
HAL_TIM_IC_Start_DMA                              build/stm32f1xx_hal_tim.o
HAL_TIM_IC_Start_IT                               build/stm32f1xx_hal_tim.o
HAL_TIM_IC_Stop                                   build/stm32f1xx_hal_tim.o
HAL_TIM_IC_Stop_DMA                               build/stm32f1xx_hal_tim.o
HAL_TIM_IC_Stop_IT                                build/stm32f1xx_hal_tim.o
HAL_TIM_IRQHandler                                build/stm32f1xx_hal_tim.o
                                                  build/stm32f1xx_it.o
HAL_TIM_OC_ConfigChannel                          build/stm32f1xx_hal_tim.o
HAL_TIM_OC_DeInit                                 build/stm32f1xx_hal_tim.o
HAL_TIM_OC_DelayElapsedCallback                   build/stm32f1xx_hal_tim.o
HAL_TIM_OC_GetState                               build/stm32f1xx_hal_tim.o
HAL_TIM_OC_Init                                   build/stm32f1xx_hal_tim.o
HAL_TIM_OC_MspDeInit                              build/stm32f1xx_hal_tim.o
HAL_TIM_OC_MspInit                                build/stm32f1xx_hal_tim.o
HAL_TIM_OC_Start                                  build/stm32f1xx_hal_tim.o
HAL_TIM_OC_Start_DMA                              build/stm32f1xx_hal_tim.o
HAL_TIM_OC_Start_IT                               build/stm32f1xx_hal_tim.o
HAL_TIM_OC_Stop                                   build/stm32f1xx_hal_tim.o
HAL_TIM_OC_Stop_DMA                               build/stm32f1xx_hal_tim.o
HAL_TIM_OC_Stop_IT                                build/stm32f1xx_hal_tim.o
HAL_TIM_OnePulse_ConfigChannel                    build/stm32f1xx_hal_tim.o
HAL_TIM_OnePulse_DeInit                           build/stm32f1xx_hal_tim.o
HAL_TIM_OnePulse_GetState                         build/stm32f1xx_hal_tim.o
HAL_TIM_OnePulse_Init                             build/stm32f1xx_hal_tim.o
HAL_TIM_OnePulse_MspDeInit                        build/stm32f1xx_hal_tim.o
HAL_TIM_OnePulse_MspInit                          build/stm32f1xx_hal_tim.o
HAL_TIM_OnePulse_Start                            build/stm32f1xx_hal_tim.o
HAL_TIM_OnePulse_Start_IT                         build/stm32f1xx_hal_tim.o
HAL_TIM_OnePulse_Stop                             build/stm32f1xx_hal_tim.o
HAL_TIM_OnePulse_Stop_IT                          build/stm32f1xx_hal_tim.o
HAL_TIM_PWM_ConfigChannel                         build/stm32f1xx_hal_tim.o
HAL_TIM_PWM_DeInit                                build/stm32f1xx_hal_tim.o
HAL_TIM_PWM_GetState                              build/stm32f1xx_hal_tim.o
HAL_TIM_PWM_Init                                  build/stm32f1xx_hal_tim.o
HAL_TIM_PWM_MspDeInit                             build/stm32f1xx_hal_tim.o
HAL_TIM_PWM_MspInit                               build/stm32f1xx_hal_tim.o
HAL_TIM_PWM_PulseFinishedCallback                 build/stm32f1xx_hal_tim.o
HAL_TIM_PWM_Start                                 build/stm32f1xx_hal_tim.o
HAL_TIM_PWM_Start_DMA                             build/stm32f1xx_hal_tim.o
HAL_TIM_PWM_Start_IT                              build/stm32f1xx_hal_tim.o
HAL_TIM_PWM_Stop                                  build/stm32f1xx_hal_tim.o
HAL_TIM_PWM_Stop_DMA                              build/stm32f1xx_hal_tim.o
HAL_TIM_PWM_Stop_IT                               build/stm32f1xx_hal_tim.o
HAL_TIM_PeriodElapsedCallback                     build/main.o
HAL_TIM_ReadCapturedValue                         build/stm32f1xx_hal_tim.o
HAL_TIM_SlaveConfigSynchronization                build/stm32f1xx_hal_tim.o
HAL_TIM_SlaveConfigSynchronization_IT             build/stm32f1xx_hal_tim.o
HAL_TIM_TriggerCallback                           build/stm32f1xx_hal_tim.o
HardFault_Handler                                 build/stm32f1xx_it.o
I2C1_ER_IRQHandler                                build/startup_stm32f103xe.o
I2C1_EV_IRQHandler                                build/startup_stm32f103xe.o
I2C2_ER_IRQHandler                                build/startup_stm32f103xe.o
I2C2_EV_IRQHandler                                build/startup_stm32f103xe.o
ITM_Print                                         build/main.o
ITM_SendValue                                     build/main.o
InterruptCounter                                  build/main.o
MailConsumerHandle                                build/main.o
MailConsumerTask                                  build/main.o
MailProducerHandle                                build/main.o
MailProducerTask                                  build/main.o
MemManage_Handler                                 build/stm32f1xx_it.o
NMI_Handler                                       build/stm32f1xx_it.o
PVD_IRQHandler                                    build/startup_stm32f103xe.o
PendSV_Handler                                    build/port.o
RCC_IRQHandler                                    build/startup_stm32f103xe.o
RTC_Alarm_IRQHandler                              build/startup_stm32f103xe.o
RTC_IRQHandler                                    build/startup_stm32f103xe.o
Reset_Handler                                     build/startup_stm32f103xe.o
SDIO_IRQHandler                                   build/startup_stm32f103xe.o
SPI1_IRQHandler                                   build/startup_stm32f103xe.o
SPI2_IRQHandler                                   build/startup_stm32f103xe.o
SPI3_IRQHandler                                   build/startup_stm32f103xe.o
SVC_Handler                                       build/port.o
SysTick_Handler                                   build/stm32f1xx_it.o
SystemClock_Config                                build/main.o
SystemCoreClock                                   build/system_stm32f1xx.o
                                                  build/port.o
                                                  build/stm32f1xx_hal_rcc.o
                                                  build/stm32f1xx_hal.o
SystemCoreClockUpdate                             build/system_stm32f1xx.o
SystemInit                                        build/system_stm32f1xx.o
                                                  build/startup_stm32f103xe.o
TAMPER_IRQHandler                                 build/startup_stm32f103xe.o
TIM1_BRK_IRQHandler                               build/startup_stm32f103xe.o
TIM1_CC_IRQHandler                                build/startup_stm32f103xe.o
TIM1_TRG_COM_IRQHandler                           build/startup_stm32f103xe.o
TIM1_UP_IRQHandler                                build/startup_stm32f103xe.o
TIM2_IRQHandler                                   build/startup_stm32f103xe.o
TIM3_IRQHandler                                   build/startup_stm32f103xe.o
TIM4_IRQHandler                                   build/stm32f1xx_it.o
TIM5_IRQHandler                                   build/startup_stm32f103xe.o
TIM6_IRQHandler                                   build/startup_stm32f103xe.o
TIM7_IRQHandler                                   build/startup_stm32f103xe.o
TIM8_BRK_IRQHandler                               build/startup_stm32f103xe.o
TIM8_CC_IRQHandler                                build/startup_stm32f103xe.o
TIM8_TRG_COM_IRQHandler                           build/startup_stm32f103xe.o
TIM8_UP_IRQHandler                                build/startup_stm32f103xe.o
TIMEx_DMACommutationCplt                          build/stm32f1xx_hal_tim_ex.o
                                                  build/stm32f1xx_hal_tim.o
TIM_Base_SetConfig                                build/stm32f1xx_hal_tim.o
                                                  build/stm32f1xx_hal_tim_ex.o
TIM_CCxChannelCmd                                 build/stm32f1xx_hal_tim.o
                                                  build/stm32f1xx_hal_tim_ex.o
TIM_DMACaptureCplt                                build/stm32f1xx_hal_tim.o
                                                  build/stm32f1xx_hal_tim_ex.o
TIM_DMADelayPulseCplt                             build/stm32f1xx_hal_tim.o
                                                  build/stm32f1xx_hal_tim_ex.o
TIM_DMAError                                      build/stm32f1xx_hal_tim.o
                                                  build/stm32f1xx_hal_tim_ex.o
TIM_OC2_SetConfig                                 build/stm32f1xx_hal_tim.o
                                                  build/stm32f1xx_hal_tim_ex.o
TIM_TI1_SetConfig                                 build/stm32f1xx_hal_tim.o
                                                  build/stm32f1xx_hal_tim_ex.o
TickCounter                                       build/main.o
UART4_IRQHandler                                  build/startup_stm32f103xe.o
UART5_IRQHandler                                  build/startup_stm32f103xe.o
USART1_IRQHandler                                 build/startup_stm32f103xe.o
USART2_IRQHandler                                 build/startup_stm32f103xe.o
USART3_IRQHandler                                 build/startup_stm32f103xe.o
USBWakeUp_IRQHandler                              build/startup_stm32f103xe.o
USB_HP_CAN1_TX_IRQHandler                         build/startup_stm32f103xe.o
USB_LP_CAN1_RX0_IRQHandler                        build/startup_stm32f103xe.o
UsageFault_Handler                                build/stm32f1xx_it.o
WWDG_IRQHandler                                   build/startup_stm32f103xe.o
_Error_Handler                                    build/main.o
_ITM_deregisterTMCloneTable                       /usr/lib/gcc/arm-none-eabi/5.4.1/armv7-m/crtbegin.o
_ITM_registerTMCloneTable                         /usr/lib/gcc/arm-none-eabi/5.4.1/armv7-m/crtbegin.o
_Jv_RegisterClasses                               /usr/lib/gcc/arm-none-eabi/5.4.1/armv7-m/crtbegin.o
__TMC_END__                                       /usr/lib/gcc/arm-none-eabi/5.4.1/armv7-m/crtend.o
                                                  /usr/lib/gcc/arm-none-eabi/5.4.1/armv7-m/crtbegin.o
__atexit_dummy                                    /usr/lib/gcc/arm-none-eabi/5.4.1/../../../arm-none-eabi/lib/armv7-m/libc_nano.a(lib_a-__atexit.o)
__bss_end__                                       /usr/lib/gcc/arm-none-eabi/5.4.1/../../../arm-none-eabi/lib/armv7-m/crt0.o
__bss_start__                                     /usr/lib/gcc/arm-none-eabi/5.4.1/../../../arm-none-eabi/lib/armv7-m/crt0.o
__call_exitprocs                                  /usr/lib/gcc/arm-none-eabi/5.4.1/../../../arm-none-eabi/lib/armv7-m/libc_nano.a(lib_a-__call_atexit.o)
                                                  /usr/lib/gcc/arm-none-eabi/5.4.1/../../../arm-none-eabi/lib/armv7-m/libc_nano.a(lib_a-__atexit.o)
                                                  /usr/lib/gcc/arm-none-eabi/5.4.1/../../../arm-none-eabi/lib/armv7-m/libc_nano.a(lib_a-exit.o)
__deregister_frame_info                           /usr/lib/gcc/arm-none-eabi/5.4.1/armv7-m/crtbegin.o
__dso_handle                                      /usr/lib/gcc/arm-none-eabi/5.4.1/armv7-m/crtbegin.o
__fini_array_end                                  /usr/lib/gcc/arm-none-eabi/5.4.1/../../../arm-none-eabi/lib/armv7-m/libc_nano.a(lib_a-fini.o)
__fini_array_start                                /usr/lib/gcc/arm-none-eabi/5.4.1/../../../arm-none-eabi/lib/armv7-m/libc_nano.a(lib_a-fini.o)
__init_array_end                                  /usr/lib/gcc/arm-none-eabi/5.4.1/../../../arm-none-eabi/lib/armv7-m/libc_nano.a(lib_a-init.o)
__init_array_start                                /usr/lib/gcc/arm-none-eabi/5.4.1/../../../arm-none-eabi/lib/armv7-m/libc_nano.a(lib_a-init.o)
__libc_fini_array                                 /usr/lib/gcc/arm-none-eabi/5.4.1/../../../arm-none-eabi/lib/armv7-m/libc_nano.a(lib_a-fini.o)
                                                  /usr/lib/gcc/arm-none-eabi/5.4.1/../../../arm-none-eabi/lib/armv7-m/crt0.o
__libc_init_array                                 /usr/lib/gcc/arm-none-eabi/5.4.1/../../../arm-none-eabi/lib/armv7-m/libc_nano.a(lib_a-init.o)
                                                  build/startup_stm32f103xe.o
                                                  /usr/lib/gcc/arm-none-eabi/5.4.1/../../../arm-none-eabi/lib/armv7-m/crt0.o
__on_exit_args                                    /usr/lib/gcc/arm-none-eabi/5.4.1/../../../arm-none-eabi/lib/armv7-m/libc_nano.a(lib_a-__atexit.o)
__preinit_array_end                               /usr/lib/gcc/arm-none-eabi/5.4.1/../../../arm-none-eabi/lib/armv7-m/libc_nano.a(lib_a-init.o)
__preinit_array_start                             /usr/lib/gcc/arm-none-eabi/5.4.1/../../../arm-none-eabi/lib/armv7-m/libc_nano.a(lib_a-init.o)
__register_exitproc                               /usr/lib/gcc/arm-none-eabi/5.4.1/../../../arm-none-eabi/lib/armv7-m/libc_nano.a(lib_a-__atexit.o)
                                                  /usr/lib/gcc/arm-none-eabi/5.4.1/../../../arm-none-eabi/lib/armv7-m/libc_nano.a(lib_a-atexit.o)
__register_frame_info                             /usr/lib/gcc/arm-none-eabi/5.4.1/armv7-m/crtbegin.o
__sf_fake_stderr                                  /usr/lib/gcc/arm-none-eabi/5.4.1/../../../arm-none-eabi/lib/armv7-m/libc_nano.a(lib_a-impure.o)
__sf_fake_stdin                                   /usr/lib/gcc/arm-none-eabi/5.4.1/../../../arm-none-eabi/lib/armv7-m/libc_nano.a(lib_a-impure.o)
__sf_fake_stdout                                  /usr/lib/gcc/arm-none-eabi/5.4.1/../../../arm-none-eabi/lib/armv7-m/libc_nano.a(lib_a-impure.o)
__stack                                           /usr/lib/gcc/arm-none-eabi/5.4.1/../../../arm-none-eabi/lib/armv7-m/crt0.o
_ebss                                             build/startup_stm32f103xe.o
_edata                                            build/startup_stm32f103xe.o
_estack                                           build/startup_stm32f103xe.o
_exit                                             /usr/lib/gcc/arm-none-eabi/5.4.1/../../../arm-none-eabi/lib/armv7-m/libnosys.a(_exit.o)
                                                  /usr/lib/gcc/arm-none-eabi/5.4.1/../../../arm-none-eabi/lib/armv7-m/libc_nano.a(lib_a-exit.o)
_fini                                             /usr/lib/gcc/arm-none-eabi/5.4.1/armv7-m/crti.o
                                                  /usr/lib/gcc/arm-none-eabi/5.4.1/../../../arm-none-eabi/lib/armv7-m/libc_nano.a(lib_a-fini.o)
_global_atexit                                    /usr/lib/gcc/arm-none-eabi/5.4.1/../../../arm-none-eabi/lib/armv7-m/libc_nano.a(lib_a-__call_atexit.o)
                                                  /usr/lib/gcc/arm-none-eabi/5.4.1/../../../arm-none-eabi/lib/armv7-m/libc_nano.a(lib_a-__atexit.o)
_global_impure_ptr                                /usr/lib/gcc/arm-none-eabi/5.4.1/../../../arm-none-eabi/lib/armv7-m/libc_nano.a(lib_a-impure.o)
                                                  /usr/lib/gcc/arm-none-eabi/5.4.1/../../../arm-none-eabi/lib/armv7-m/libc_nano.a(lib_a-exit.o)
_impure_ptr                                       /usr/lib/gcc/arm-none-eabi/5.4.1/../../../arm-none-eabi/lib/armv7-m/libc_nano.a(lib_a-impure.o)
_init                                             /usr/lib/gcc/arm-none-eabi/5.4.1/armv7-m/crti.o
                                                  /usr/lib/gcc/arm-none-eabi/5.4.1/../../../arm-none-eabi/lib/armv7-m/libc_nano.a(lib_a-init.o)
_mainCRTStartup                                   /usr/lib/gcc/arm-none-eabi/5.4.1/../../../arm-none-eabi/lib/armv7-m/crt0.o
_sbss                                             build/startup_stm32f103xe.o
_sdata                                            build/startup_stm32f103xe.o
_sidata                                           build/startup_stm32f103xe.o
_start                                            /usr/lib/gcc/arm-none-eabi/5.4.1/../../../arm-none-eabi/lib/armv7-m/crt0.o
atexit                                            /usr/lib/gcc/arm-none-eabi/5.4.1/../../../arm-none-eabi/lib/armv7-m/libc_nano.a(lib_a-atexit.o)
                                                  /usr/lib/gcc/arm-none-eabi/5.4.1/../../../arm-none-eabi/lib/armv7-m/crt0.o
bubble_sort                                       build/main.o
configure_tracing                                 build/main.o
configure_watchpoint                              build/main.o
exit                                              /usr/lib/gcc/arm-none-eabi/5.4.1/../../../arm-none-eabi/lib/armv7-m/libc_nano.a(lib_a-exit.o)
                                                  /usr/lib/gcc/arm-none-eabi/5.4.1/../../../arm-none-eabi/lib/armv7-m/crt0.o
free                                              /usr/lib/gcc/arm-none-eabi/5.4.1/../../../arm-none-eabi/lib/armv7-m/libc_nano.a(lib_a-__call_atexit.o)
g_pfnVectors                                      build/startup_stm32f103xe.o
globalCounter                                     build/main.o
hardware_init_hook                                /usr/lib/gcc/arm-none-eabi/5.4.1/../../../arm-none-eabi/lib/armv7-m/crt0.o
htim4                                             build/stm32f1xx_hal_timebase_TIM.o
                                                  build/stm32f1xx_it.o
mailQ01Handle                                     build/main.o
main                                              build/main.o
                                                  build/startup_stm32f103xe.o
                                                  /usr/lib/gcc/arm-none-eabi/5.4.1/../../../arm-none-eabi/lib/armv7-m/crt0.o
malloc                                            /usr/lib/gcc/arm-none-eabi/5.4.1/../../../arm-none-eabi/lib/armv7-m/libc_nano.a(lib_a-__atexit.o)
memcpy                                            /usr/lib/gcc/arm-none-eabi/5.4.1/../../../arm-none-eabi/lib/armv7-m/libc_nano.a(lib_a-memcpy.o)
                                                  build/queue.o
memset                                            /usr/lib/gcc/arm-none-eabi/5.4.1/../../../arm-none-eabi/lib/armv7-m/libc_nano.a(lib_a-memset.o)
                                                  /usr/lib/gcc/arm-none-eabi/5.4.1/../../../arm-none-eabi/lib/armv7-m/crt0.o
osAbortDelay                                      build/cmsis_os.o
osDelay                                           build/cmsis_os.o
                                                  build/main.o
osDelayUntil                                      build/cmsis_os.o
osKernelRunning                                   build/cmsis_os.o
osKernelStart                                     build/cmsis_os.o
                                                  build/main.o
osKernelSysTick                                   build/cmsis_os.o
osMailAlloc                                       build/cmsis_os.o
osMailCAlloc                                      build/cmsis_os.o
osMailCreate                                      build/cmsis_os.o
                                                  build/main.o
osMailFree                                        build/cmsis_os.o
osMailGet                                         build/cmsis_os.o
                                                  build/main.o
osMailPut                                         build/cmsis_os.o
                                                  build/main.o
osMessageAvailableSpace                           build/cmsis_os.o
osMessageCreate                                   build/cmsis_os.o
osMessageDelete                                   build/cmsis_os.o
osMessageGet                                      build/cmsis_os.o
osMessagePeek                                     build/cmsis_os.o
osMessagePut                                      build/cmsis_os.o
osMessageWaiting                                  build/cmsis_os.o
osMutexCreate                                     build/cmsis_os.o
osMutexDelete                                     build/cmsis_os.o
osMutexRelease                                    build/cmsis_os.o
osMutexWait                                       build/cmsis_os.o
osPoolAlloc                                       build/cmsis_os.o
osPoolCAlloc                                      build/cmsis_os.o
osPoolCreate                                      build/cmsis_os.o
osPoolFree                                        build/cmsis_os.o
osRecursiveMutexCreate                            build/cmsis_os.o
osRecursiveMutexRelease                           build/cmsis_os.o
osRecursiveMutexWait                              build/cmsis_os.o
osSemaphoreCreate                                 build/cmsis_os.o
osSemaphoreDelete                                 build/cmsis_os.o
osSemaphoreGetCount                               build/cmsis_os.o
osSemaphoreRelease                                build/cmsis_os.o
osSemaphoreWait                                   build/cmsis_os.o
osSignalSet                                       build/cmsis_os.o
osSignalWait                                      build/cmsis_os.o
osSystickHandler                                  build/cmsis_os.o
                                                  build/stm32f1xx_it.o
osThreadCreate                                    build/cmsis_os.o
                                                  build/main.o
osThreadGetId                                     build/cmsis_os.o
osThreadGetPriority                               build/cmsis_os.o
osThreadList                                      build/cmsis_os.o
osThreadResume                                    build/cmsis_os.o
osThreadResumeAll                                 build/cmsis_os.o
osThreadSetPriority                               build/cmsis_os.o
osThreadSuspend                                   build/cmsis_os.o
osThreadSuspendAll                                build/cmsis_os.o
osThreadTerminate                                 build/cmsis_os.o
osThreadYield                                     build/cmsis_os.o
osTimerCreate                                     build/cmsis_os.o
osTimerDelete                                     build/cmsis_os.o
osTimerStart                                      build/cmsis_os.o
osTimerStop                                       build/cmsis_os.o
pFlash                                            build/stm32f1xx_hal_flash.o
                                                  build/stm32f1xx_hal_flash_ex.o
pcQueueGetName                                    build/queue.o
pcTaskGetName                                     build/tasks.o
pvPortMalloc                                      build/heap_4.o
                                                  build/cmsis_os.o
                                                  build/queue.o
                                                  build/tasks.o
                                                  build/event_groups.o
pvTaskIncrementMutexHeldCount                     build/tasks.o
                                                  build/queue.o
pxCurrentTCB                                      build/tasks.o
                                                  build/port.o
pxPortInitialiseStack                             build/port.o
                                                  build/tasks.o
software_init_hook                                /usr/lib/gcc/arm-none-eabi/5.4.1/../../../arm-none-eabi/lib/armv7-m/crt0.o
ulTaskNotifyTake                                  build/tasks.o
uwIncrementState                                  build/stm32f1xx_hal_timebase_TIM.o
uwTick                                            build/stm32f1xx_hal.o
uwTickFreq                                        build/stm32f1xx_hal.o
uwTickPrio                                        build/stm32f1xx_hal.o
uxListRemove                                      build/list.o
                                                  build/tasks.o
uxQueueMessagesWaiting                            build/queue.o
                                                  build/cmsis_os.o
uxQueueMessagesWaitingFromISR                     build/queue.o
                                                  build/cmsis_os.o
uxQueueSpacesAvailable                            build/queue.o
                                                  build/cmsis_os.o
uxTaskGetNumberOfTasks                            build/tasks.o
uxTaskPriorityGet                                 build/tasks.o
                                                  build/cmsis_os.o
uxTaskPriorityGetFromISR                          build/tasks.o
                                                  build/cmsis_os.o
uxTaskResetEventItemValue                         build/tasks.o
                                                  build/event_groups.o
vEventGroupClearBitsCallback                      build/event_groups.o
vEventGroupDelete                                 build/event_groups.o
vEventGroupSetBitsCallback                        build/event_groups.o
vListInitialise                                   build/list.o
                                                  build/queue.o
                                                  build/tasks.o
                                                  build/event_groups.o
vListInitialiseItem                               build/list.o
                                                  build/tasks.o
vListInsert                                       build/list.o
                                                  build/tasks.o
vListInsertEnd                                    build/list.o
                                                  build/tasks.o
vPortEndScheduler                                 build/port.o
                                                  build/tasks.o
vPortEnterCritical                                build/port.o
                                                  build/cmsis_os.o
                                                  build/queue.o
                                                  build/tasks.o
                                                  build/event_groups.o
vPortExitCritical                                 build/port.o
                                                  build/cmsis_os.o
                                                  build/queue.o
                                                  build/tasks.o
                                                  build/event_groups.o
vPortFree                                         build/heap_4.o
                                                  build/cmsis_os.o
                                                  build/queue.o
                                                  build/tasks.o
                                                  build/event_groups.o
vPortInitialiseBlocks                             build/heap_4.o
vPortSetupTimerInterrupt                          build/port.o
vPortValidateInterruptPriority                    build/port.o
                                                  build/queue.o
                                                  build/tasks.o
vQueueAddToRegistry                               build/queue.o
vQueueDelete                                      build/queue.o
                                                  build/cmsis_os.o
vQueueUnregisterQueue                             build/queue.o
vTaskDelay                                        build/tasks.o
                                                  build/cmsis_os.o
vTaskDelete                                       build/tasks.o
                                                  build/cmsis_os.o
vTaskEndScheduler                                 build/tasks.o
vTaskMissedYield                                  build/tasks.o
                                                  build/queue.o
vTaskNotifyGiveFromISR                            build/tasks.o
vTaskPlaceOnEventList                             build/tasks.o
                                                  build/queue.o
vTaskPlaceOnUnorderedEventList                    build/tasks.o
                                                  build/event_groups.o
vTaskPriorityInherit                              build/tasks.o
                                                  build/queue.o
vTaskPrioritySet                                  build/tasks.o
                                                  build/cmsis_os.o
vTaskResume                                       build/tasks.o
                                                  build/cmsis_os.o
vTaskSetTimeOutState                              build/tasks.o
                                                  build/queue.o
vTaskStartScheduler                               build/tasks.o
                                                  build/cmsis_os.o
vTaskSuspend                                      build/tasks.o
                                                  build/cmsis_os.o
vTaskSuspendAll                                   build/tasks.o
                                                  build/cmsis_os.o
                                                  build/queue.o
                                                  build/event_groups.o
                                                  build/heap_4.o
vTaskSwitchContext                                build/tasks.o
                                                  build/port.o
xEventGroupClearBits                              build/event_groups.o
xEventGroupCreate                                 build/event_groups.o
xEventGroupGetBitsFromISR                         build/event_groups.o
xEventGroupSetBits                                build/event_groups.o
xEventGroupSync                                   build/event_groups.o
xEventGroupWaitBits                               build/event_groups.o